                   :-) GROMACS - gmx trjconv, 2025.5-dev (-:

Executable:   GMX
Data prefix:  GMX_DATA (source tree)
Working dir:  ANALYSIS
Command line:
  gmx trjconv -s RUN\md.tpr -f md-whole.xtc -o md-center.xtc -center -pbc mol

Will write xtc: Compressed trajectory (portable xdr format): xtc
Reading file RUN\md.tpr, VERSION 2025.5-dev (single precision)
Reading file RUN\md.tpr, VERSION 2025.5-dev (single precision)
Group     0 (         System) has 23873 elements
Group     1 (        Protein) has  1960 elements
Group     2 (      Protein-H) has  1001 elements
Group     3 (        C-alpha) has   129 elements
Group     4 (       Backbone) has   387 elements
Group     5 (      MainChain) has   517 elements
Group     6 (   MainChain+Cb) has   634 elements
Group     7 (    MainChain+H) has   646 elements
Group     8 (      SideChain) has  1314 elements
Group     9 (    SideChain-H) has   484 elements
Group    10 (    Prot-Masses) has  1960 elements
Group    11 (    non-Protein) has 21913 elements
Group    12 (          Water) has 21861 elements
Group    13 (            SOL) has 21861 elements
Group    14 (      non-Water) has  2012 elements
Group    15 (            Ion) has    52 elements
Group    16 ( Water_and_ions) has 21913 elements
Select a group: Group     0 (         System) has 23873 elements
Group     1 (        Protein) has  1960 elements
Group     2 (      Protein-H) has  1001 elements
Group     3 (        C-alpha) has   129 elements
Group     4 (       Backbone) has   387 elements
Group     5 (      MainChain) has   517 elements
Group     6 (   MainChain+Cb) has   634 elements
Group     7 (    MainChain+H) has   646 elements
Group     8 (      SideChain) has  1314 elements
Group     9 (    SideChain-H) has   484 elements
Group    10 (    Prot-Masses) has  1960 elements
Group    11 (    non-Protein) has 21913 elements
Group    12 (          Water) has 21861 elements
Group    13 (            SOL) has 21861 elements
Group    14 (      non-Water) has  2012 elements
Group    15 (            Ion) has    52 elements
Group    16 ( Water_and_ions) has 21913 elements
Select a group: 
Reading frame       0 time    0.000   
Precision of md-whole.xtc is 0.001 (nm)
Using output precision of 0.001 (nm)

Reading frame       1 time    1.000    ->  frame      0 time    0.000      

Reading frame       2 time    2.000    ->  frame      1 time    1.000      

Reading frame       3 time    3.000    ->  frame      2 time    2.000      

Reading frame       4 time    4.000    ->  frame      3 time    3.000      

Reading frame       5 time    5.000    ->  frame      4 time    4.000      

Reading frame       6 time    6.000    ->  frame      5 time    5.000      

Reading frame       7 time    7.000    ->  frame      6 time    6.000      

Reading frame       8 time    8.000    ->  frame      7 time    7.000      

Reading frame       9 time    9.000    ->  frame      8 time    8.000      

Reading frame      10 time   10.000    ->  frame      9 time    9.000      

Reading frame      11 time   11.000    ->  frame     10 time   10.000      

Reading frame      12 time   12.000    ->  frame     11 time   11.000      

Reading frame      13 time   13.000    ->  frame     12 time   12.000      

Reading frame      14 time   14.000    ->  frame     13 time   13.000      

Reading frame      15 time   15.000    ->  frame     14 time   14.000      

Reading frame      16 time   16.000    ->  frame     15 time   15.000      

Reading frame      17 time   17.000    ->  frame     16 time   16.000      

Reading frame      18 time   18.000    ->  frame     17 time   17.000      

Reading frame      19 time   19.000    ->  frame     18 time   18.000      

Reading frame      20 time   20.000    ->  frame     19 time   19.000      

Reading frame      30 time   30.000    ->  frame     29 time   29.000      

Reading frame      40 time   40.000    ->  frame     39 time   39.000      

Reading frame      50 time   50.000    ->  frame     49 time   49.000      

Reading frame      60 time   60.000    ->  frame     59 time   59.000      

Reading frame      70 time   70.000    ->  frame     69 time   69.000      

Reading frame      80 time   80.000    ->  frame     79 time   79.000      

Reading frame      90 time   90.000    ->  frame     89 time   89.000      

Reading frame     100 time  100.000    ->  frame     99 time   99.000      

Last frame        100 time  100.000   
 ->  frame    100 time  100.000      

Last written: frame    100 time  100.000



Note that major changes are planned in future for trjconv, to improve usability and utility.
Select group for centering
Selected 1: 'Protein'
Select group for output
Selected 0: 'System'
