                    :-) GROMACS - gmx hbond, 2025.5-dev (-:

Executable:   GMX
Data prefix:  GMX_DATA (source tree)
Working dir:  ANALYSIS
Command line:
  gmx hbond -s RUN\md.tpr -f md-center.xtc -r 'group "Protein"' -t 'group "Protein"' -num hbond-protein.xvg -dan hbond-donors-acceptors.xvg -dist hbond-distances.xvg -ang hbond-angles.xvg -o hbond-protein.ndx

Reading file RUN\md.tpr, VERSION 2025.5-dev (single precision)
Reading file RUN\md.tpr, VERSION 2025.5-dev (single precision)

Reading frame       0 time    0.000   
Reading frame       1 time    1.000   
Reading frame       2 time    2.000   
Reading frame       3 time    3.000   
Reading frame       4 time    4.000   
Reading frame       5 time    5.000   
Reading frame       6 time    6.000   
Reading frame       7 time    7.000   
Reading frame       8 time    8.000   
Reading frame       9 time    9.000   
Reading frame      10 time   10.000   
Reading frame      11 time   11.000   
Reading frame      12 time   12.000   
Reading frame      13 time   13.000   
Reading frame      14 time   14.000   
Reading frame      15 time   15.000   
Reading frame      16 time   16.000   
Reading frame      17 time   17.000   
Reading frame      18 time   18.000   
Reading frame      19 time   19.000   
Reading frame      20 time   20.000   
Reading frame      30 time   30.000   
Reading frame      40 time   40.000   
Reading frame      50 time   50.000   
Reading frame      60 time   60.000   
Reading frame      70 time   70.000   
Reading frame      80 time   80.000   
Reading frame      90 time   90.000   
Reading frame     100 time  100.000   
Last frame        100 time  100.000   
Analyzed 101 frames, last time 100.000

Checking for overlap in atoms between Protein (1960 atoms) and Protein (1960 atoms)
Selection 'Protein' has 378 acceptors and 210 donors.

++++ PLEASE READ AND CITE THE FOLLOWING REFERENCE ++++
S. Gorelov, A. Titov, O. Tolicheva, A. Konevega, A. Shvetsov
Determination of Hydrogen Bonds in GROMACS: A New Implementation to Overcome
Memory Limitation
Journal of Chemical Information and Modeling (2024)
DOI: 10.1021/acs.jcim.3c02087
-------- -------- --- Thank You --- -------- --------



