AutoDock Vina v1.2.7
#################################################################
# If you used AutoDock Vina in your work, please cite:          #
#                                                               #
# J. Eberhardt, D. Santos-Martins, A. F. Tillack, and S. Forli  #
# AutoDock Vina 1.2.0: New Docking Methods, Expanded Force      #
# Field, and Python Bindings, J. Chem. Inf. Model. (2021)       #
# DOI 10.1021/acs.jcim.1c00203                                  #
#                                                               #
# O. Trott, A. J. Olson,                                        #
# AutoDock Vina: improving the speed and accuracy of docking    #
# with a new scoring function, efficient optimization and       #
# multithreading, J. Comp. Chem. (2010)                         #
# DOI 10.1002/jcc.21334                                         #
#                                                               #
# Please see https://github.com/ccsb-scripps/AutoDock-Vina for  #
# more information.                                             #
#################################################################

Scoring function : vina
Rigid receptor: INPUTS\3htb_receptor.pdbqt
Ligand: INPUTS\BNZ.pdbqt
Grid center: X 22.714 Y -25.263 Z -3.283
Grid size  : X 18 Y 18 Z 18
Grid space : 0.375
Exhaustiveness: 16
CPU: 2
Verbosity: 1

Computing Vina grid ... done.
Performing docking (random seed: 20261002) ... 
0%   10   20   30   40   50   60   70   80   90   100%
|----|----|----|----|----|----|----|----|----|----|
***************************************************

mode |   affinity | dist from best mode
     | (kcal/mol) | rmsd l.b.| rmsd u.b.
-----+------------+----------+----------
   1       -5.662          0          0
   2       -5.653    0.06266      2.396
   3       -5.647    0.06314      1.955
   4       -5.629     0.1158      1.955
   5       -5.384     0.7682      2.534
   6       -4.054      2.668      4.285
   7       -4.031      2.608      3.607
   8       -4.024      2.649      4.057
   9       -3.756       11.8      12.48
