AutoDock Vina v1.2.7
#################################################################
# If you used AutoDock Vina in your work, please cite:          #
#                                                               #
# J. Eberhardt, D. Santos-Martins, A. F. Tillack, and S. Forli  #
# AutoDock Vina 1.2.0: New Docking Methods, Expanded Force      #
# Field, and Python Bindings, J. Chem. Inf. Model. (2021)       #
# DOI 10.1021/acs.jcim.1c00203                                  #
#                                                               #
# O. Trott, A. J. Olson,                                        #
# AutoDock Vina: improving the speed and accuracy of docking    #
# with a new scoring function, efficient optimization and       #
# multithreading, J. Comp. Chem. (2010)                         #
# DOI 10.1002/jcc.21334                                         #
#                                                               #
# Please see https://github.com/ccsb-scripps/AutoDock-Vina for  #
# more information.                                             #
#################################################################

Scoring function : vina
Rigid receptor: INPUTS\3htb_receptor.pdbqt
Ligand: INPUTS\JZ4.pdbqt
Grid center: X 22.714 Y -25.263 Z -3.283
Grid size  : X 18 Y 18 Z 18
Grid space : 0.375
Exhaustiveness: 16
CPU: 2
Verbosity: 1

Computing Vina grid ... done.
Performing docking (random seed: 20261002) ... 
0%   10   20   30   40   50   60   70   80   90   100%
|----|----|----|----|----|----|----|----|----|----|
***************************************************

mode |   affinity | dist from best mode
     | (kcal/mol) | rmsd l.b.| rmsd u.b.
-----+------------+----------+----------
   1        -7.19          0          0
   2       -6.796      1.517      2.119
   3       -5.725      1.409      4.358
   4       -5.405      1.654      3.941
   5       -5.217      1.423      4.371
   6        -4.82      1.775      4.163
   7       -4.531      9.411      9.879
   8        -4.48       1.69      2.298
   9        -4.43      2.172      3.036
