                    :-) GROMACS - gmx mdrun, 2025.5-dev (-:

Executable:   GMX
Data prefix:  GMX_DATA (source tree)
Working dir:  RUN
Command line:
  gmx mdrun -deffnm em -ntomp 4 -nb cpu

Compiled SIMD is None, but AVX2_256 might be faster (see log).
The current CPU can measure timings more accurately than the code in
gmx mdrun was configured to use. This might affect your simulation
speed as accurate timings are needed for load-balancing.
Please consider rebuilding gmx mdrun with the GMX_USE_RDTSCP=ON CMake option.
Reading file em.tpr, VERSION 2025.5-dev (single precision)

Using 4 OpenMP threads 


WARNING: Using the slow plain-C-4x4 kernels. This should
not happen during routine usage on common platforms.

NOTE: The number of threads is not equal to the number of (logical) cpus
      and the -pin option is set to auto: will not pin threads to cpus.
      This can lead to significant performance degradation.
      Consider using -pin on (and -pinoffset in case you run multiple jobs).

Steepest Descents:
   Tolerance (Fmax)   =  1.00000e+03
   Number of steps    =         5000

writing lowest energy coordinates.

Steepest Descents converged to Fmax < 1000 in 409 steps
Potential Energy  = -3.7289953e+05
Maximum force     =  9.6643744e+02 on atom 1015
Norm of force     =  3.4640750e+01


