                    :-) GROMACS - gmx mdrun, 2025.5-dev (-:

Executable:   GMX
Data prefix:  GMX_DATA (source tree)
Working dir:  RUN
Command line:
  gmx mdrun -deffnm md -ntomp 4 -nb cpu

Compiled SIMD is None, but AVX2_256 might be faster (see log).
The current CPU can measure timings more accurately than the code in
gmx mdrun was configured to use. This might affect your simulation
speed as accurate timings are needed for load-balancing.
Please consider rebuilding gmx mdrun with the GMX_USE_RDTSCP=ON CMake option.
Reading file md.tpr, VERSION 2025.5-dev (single precision)
Changing nstlist from 20 to 50, rlist from 1.027 to 1.106


Using 4 OpenMP threads 


WARNING: Using the slow plain-C-4x4 kernels. This should
not happen during routine usage on common platforms.

NOTE: The number of threads is not equal to the number of (logical) cpus
      and the -pin option is set to auto: will not pin threads to cpus.
      This can lead to significant performance degradation.
      Consider using -pin on (and -pinoffset in case you run multiple jobs).
starting mdrun 'Protein in water'
50000 steps,    100.0 ps.

Writing final coordinates.

               Core t (s)   Wall t (s)        (%)
       Time:     7535.642     1883.911      400.0
                         31:23
                 (ns/day)    (hour/ns)
Performance:        4.586        5.233


