                       :-) GROMACS - gmx, 2025.5-dev (-:

Executable:   GMX
Data prefix:  GMX_DATA (source tree)
Working dir:  RUN
Command line:
  gmx --version

GROMACS version:     2025.5-dev
Precision:           mixed
Memory model:        64 bit
MPI library:         none
OpenMP support:      enabled (GMX_OPENMP_MAX_THREADS = 128)
GPU support:         disabled
SIMD instructions:   NONE
CPU FFT library:     fftpack (built-in)
GPU FFT library:     none
Multi-GPU FFT:       none
RDTSCP usage:        disabled
TNG support:         enabled
Hwloc support:       disabled
Tracing support:     disabled
C compiler:          C:/rtools45/x86_64-w64-mingw32.static.posix/bin/gcc.exe GNU 14.3.0
C compiler flags:    -Wno-array-bounds -fexcess-precision=fast -funroll-all-loops -Wall -Wno-unused -Wunused-value -Wunused-parameter -Wextra -Wno-sign-compare -Wpointer-arith -Wpedantic -Wundef -Werror=stringop-truncation -Wno-missing-field-initializers -O3 -DNDEBUG
C++ compiler:        C:/rtools45/x86_64-w64-mingw32.static.posix/bin/g++.exe GNU 14.3.0
C++ compiler flags:  -Wno-array-bounds -fexcess-precision=fast -funroll-all-loops -Wall -Wextra -Wpointer-arith -Wmissing-declarations -Wpedantic -Wundef -Wstringop-truncation -Wno-missing-field-initializers -Wno-cast-function-type-strict SHELL:-fopenmp -O3 -DNDEBUG
BLAS library:        Internal
LAPACK library:      Internal

