                    :-) GROMACS - gmx energy, 2025.5-dev (-:

Executable:   GMX
Data prefix:  GMX_DATA (source tree)
Working dir:  ANALYSIS
Command line:
  gmx energy -f RUN\nvt.edr -o nvt-temperature.xvg

Opened RUN\nvt.edr as single precision energy file

Select the terms you want from the following list by
selecting either (part of) the name or the number or a combination.
End your selection with an empty line or a zero.
-------------------------------------------------------------------
  1  Bond             2  Angle            3  Proper-Dih.      4  Per.-Imp.-Dih.
  5  LJ-14            6  Coulomb-14       7  LJ-(SR)          8  Disper.-corr. 
  9  Coulomb-(SR)    10  Coul.-recip.    11  Position-Rest.  12  Potential     
 13  Kinetic-En.     14  Total-Energy    15  Conserved-En.   16  Temperature   
 17  Pres.-DC        18  Pressure        19  Constr.-rmsd    20  Vir-XX        
 21  Vir-XY          22  Vir-XZ          23  Vir-YX          24  Vir-YY        
 25  Vir-YZ          26  Vir-ZX          27  Vir-ZY          28  Vir-ZZ        
 29  Pres-XX         30  Pres-XY         31  Pres-XZ         32  Pres-YX       
 33  Pres-YY         34  Pres-YZ         35  Pres-ZX         36  Pres-ZY       
 37  Pres-ZZ         38  #Surf*SurfTen   39  T-Protein       40  T-non-Protein 
 41  Lamb-Protein                        42  Lamb-non-Protein                  


Reading energy frame      0 time    0.000         
Reading energy frame      1 time    0.200         
Reading energy frame      2 time    0.400         
Reading energy frame      3 time    0.600         
Reading energy frame      4 time    0.800         
Reading energy frame      5 time    1.000         
Reading energy frame      6 time    1.200         
Reading energy frame      7 time    1.400         
Reading energy frame      8 time    1.600         
Reading energy frame      9 time    1.800         
Reading energy frame     10 time    2.000         
Reading energy frame     11 time    2.200         
Reading energy frame     12 time    2.400         
Reading energy frame     13 time    2.600         
Reading energy frame     14 time    2.800         
Reading energy frame     15 time    3.000         
Reading energy frame     16 time    3.200         
Reading energy frame     17 time    3.400         
Reading energy frame     18 time    3.600         
Reading energy frame     19 time    3.800         
Reading energy frame     20 time    4.000         
Reading energy frame     30 time    6.000         
Reading energy frame     40 time    8.000         
Reading energy frame     50 time   10.000         
Reading energy frame     60 time   12.000         
Reading energy frame     70 time   14.000         
Reading energy frame     80 time   16.000         
Reading energy frame     90 time   18.000         
Reading energy frame    100 time   20.000         
Last energy frame read 100 time   20.000         



Statistics over 10001 steps [ 0.0000 through 20.0000 ps ], 1 data sets
All statistics are over 101 points (frames)

Energy                      Average   Err.Est.       RMSD  Tot-Drift
-------------------------------------------------------------------------------
Temperature                  288.69        7.9    19.1596    49.1338  (K)
