                    :-) GROMACS - gmx anaeig, 2025.5-dev (-:

Executable:   GMX
Data prefix:  GMX_DATA (source tree)
Working dir:  ANALYSIS
Command line:
  gmx anaeig -s RUN\md.tpr -f md-fit.xtc -v eigenvectors.trr -first 1 -last 2 -proj pca-projection.xvg -2d pca-2d.xvg

trr version: GMX_trn_file (single precision)
Read non mass weighted reference structure with 129 atoms from eigenvectors.trr
Read non mass weighted average/minimum structure with 129 atoms from eigenvectors.trr
Read 100 eigenvectors (for 129 atoms)

Warning: number of eigenvectors 100 does not match three times
the number of atoms 129 in eigenvectors.trr. Using 100 eigenvectors.

Reading file RUN\md.tpr, VERSION 2025.5-dev (single precision)
Reading file RUN\md.tpr, VERSION 2025.5-dev (single precision)
Group     0 (         System) has 23873 elements
Group     1 (        Protein) has  1960 elements
Group     2 (      Protein-H) has  1001 elements
Group     3 (        C-alpha) has   129 elements
Group     4 (       Backbone) has   387 elements
Group     5 (      MainChain) has   517 elements
Group     6 (   MainChain+Cb) has   634 elements
Group     7 (    MainChain+H) has   646 elements
Group     8 (      SideChain) has  1314 elements
Group     9 (    SideChain-H) has   484 elements
Group    10 (    Prot-Masses) has  1960 elements
Group    11 (    non-Protein) has 21913 elements
Group    12 (          Water) has 21861 elements
Group    13 (            SOL) has 21861 elements
Group    14 (      non-Water) has  2012 elements
Group    15 (            Ion) has    52 elements
Group    16 ( Water_and_ions) has 21913 elements
Select a group: Group     0 (         System) has 23873 elements
Group     1 (        Protein) has  1960 elements
Group     2 (      Protein-H) has  1001 elements
Group     3 (        C-alpha) has   129 elements
Group     4 (       Backbone) has   387 elements
Group     5 (      MainChain) has   517 elements
Group     6 (   MainChain+Cb) has   634 elements
Group     7 (    MainChain+H) has   646 elements
Group     8 (      SideChain) has  1314 elements
Group     9 (    SideChain-H) has   484 elements
Group    10 (    Prot-Masses) has  1960 elements
Group    11 (    non-Protein) has 21913 elements
Group    12 (          Water) has 21861 elements
Group    13 (            SOL) has 21861 elements
Group    14 (      non-Water) has  2012 elements
Group    15 (            Ion) has    52 elements
Group    16 ( Water_and_ions) has 21913 elements
Select a group: 2 eigenvectors selected for output: 1 2

Reading frame       0 time    0.000   
Reading frame       1 time    1.000   
Reading frame       2 time    2.000   
Reading frame       3 time    3.000   
Reading frame       4 time    4.000   
Reading frame       5 time    5.000   
Reading frame       6 time    6.000   
Reading frame       7 time    7.000   
Reading frame       8 time    8.000   
Reading frame       9 time    9.000   
Reading frame      10 time   10.000   
Reading frame      11 time   11.000   
Reading frame      12 time   12.000   
Reading frame      13 time   13.000   
Reading frame      14 time   14.000   
Reading frame      15 time   15.000   
Reading frame      16 time   16.000   
Reading frame      17 time   17.000   
Reading frame      18 time   18.000   
Reading frame      19 time   19.000   
Reading frame      20 time   20.000   
Reading frame      30 time   30.000   
Reading frame      40 time   40.000   
Reading frame      50 time   50.000   
Reading frame      60 time   60.000   
Reading frame      70 time   70.000   
Reading frame      80 time   80.000   
Reading frame      90 time   90.000   
Reading frame     100 time  100.000   
Last frame        100 time  100.000   




Select the index group that was used for the least squares fit in gmx covar
Selected 3: 'C-alpha'

Select an index group of 129 elements that corresponds to the eigenvectors
Selected 3: 'C-alpha'

