                   :-) GROMACS - gmx trjconv, 2025.5-dev (-:

Executable:   GMX
Data prefix:  GMX_DATA (source tree)
Working dir:  ANALYSIS
Command line:
  gmx trjconv -s RUN\md.tpr -f md-center.xtc -o md-reference0.pdb -dump 0

Will write pdb: Protein data bank file
Reading file RUN\md.tpr, VERSION 2025.5-dev (single precision)
Reading file RUN\md.tpr, VERSION 2025.5-dev (single precision)
Group     0 (         System) has 23873 elements
Group     1 (        Protein) has  1960 elements
Group     2 (      Protein-H) has  1001 elements
Group     3 (        C-alpha) has   129 elements
Group     4 (       Backbone) has   387 elements
Group     5 (      MainChain) has   517 elements
Group     6 (   MainChain+Cb) has   634 elements
Group     7 (    MainChain+H) has   646 elements
Group     8 (      SideChain) has  1314 elements
Group     9 (    SideChain-H) has   484 elements
Group    10 (    Prot-Masses) has  1960 elements
Group    11 (    non-Protein) has 21913 elements
Group    12 (          Water) has 21861 elements
Group    13 (            SOL) has 21861 elements
Group    14 (      non-Water) has  2012 elements
Group    15 (            Ion) has    52 elements
Group    16 ( Water_and_ions) has 21913 elements
Select a group: 
Reading frame       0 time    0.000   
Precision of md-center.xtc is 0.001 (nm)

Reading frame       1 time    1.000   
Dumping frame at t= 0 ps
 ->  frame      0 time    0.000      

Last written: frame      0 time    0.000



Note that major changes are planned in future for trjconv, to improve usability and utility.
Select group for output
Selected 0: 'System'
