                     :-) GROMACS - gmx sasa, 2025.5-dev (-:

Executable:   GMX
Data prefix:  GMX_DATA (source tree)
Working dir:  ANALYSIS
Command line:
  gmx sasa -s RUN\md.tpr -f md-center.xtc -o sasa.xvg -surface 'group "Protein"' -output 'group "Protein"'

Reading file RUN\md.tpr, VERSION 2025.5-dev (single precision)
Reading file RUN\md.tpr, VERSION 2025.5-dev (single precision)

++++ PLEASE READ AND CITE THE FOLLOWING REFERENCE ++++
Frank Eisenhaber, Philip Lijnzaad, Patrick Argos, Chris Sander, Michael Scharf
The Double Cube Lattice Method: Efficient Approaches to Numerical Integration
of Surface Area and Volume and to Dot Surface Contouring of Molecular
Assemblies
J. Comp. Chem. (1995)
DOI: 10.1002/jcc.540160303
-------- -------- --- Thank You --- -------- --------


WARNING: Masses and atomic (Van der Waals) radii will be guessed
         based on residue and atom names, since they could not be
         definitively assigned from the information in your input
         files. These guessed numbers might deviate from the mass
         and radius of the atom type. Please check the output
         files if necessary. Note, that this functionality may
         be removed in a future GROMACS version. Please, consider
         using another file format for your input.

NOTE: From version 5.0 gmx sasa uses the Van der Waals radii
from the source below. This means the results may be different
compared to previous GROMACS versions.

++++ PLEASE READ AND CITE THE FOLLOWING REFERENCE ++++
A. Bondi
van der Waals Volumes and Radii
J. Phys. Chem. (1964)
DOI: 10.1021/j100785a001
-------- -------- --- Thank You --- -------- --------


Reading frame       0 time    0.000   
Reading frame       1 time    1.000   
Reading frame       2 time    2.000   
Reading frame       3 time    3.000   
Reading frame       4 time    4.000   
Reading frame       5 time    5.000   
Reading frame       6 time    6.000   
Reading frame       7 time    7.000   
Reading frame       8 time    8.000   
Reading frame       9 time    9.000   
Reading frame      10 time   10.000   
Reading frame      11 time   11.000   
Reading frame      12 time   12.000   
Reading frame      13 time   13.000   
Reading frame      14 time   14.000   
Reading frame      15 time   15.000   
Reading frame      16 time   16.000   
Reading frame      17 time   17.000   
Reading frame      18 time   18.000   
Reading frame      19 time   19.000   
Reading frame      20 time   20.000   
Reading frame      30 time   30.000   
Reading frame      40 time   40.000   
Reading frame      50 time   50.000   
Reading frame      60 time   60.000   
Reading frame      70 time   70.000   
Reading frame      80 time   80.000   
Reading frame      90 time   90.000   
Reading frame     100 time  100.000   
Last frame        100 time  100.000   
Analyzed 101 frames, last time 100.000


