                    :-) GROMACS - gmx mdrun, 2025.5-dev (-:

Copyright 1991-2025 The GROMACS Authors.
GROMACS is free software; you can redistribute it and/or modify it
under the terms of the GNU Lesser General Public License
as published by the Free Software Foundation; either version 2.1
of the License, or (at your option) any later version.

                         Current GROMACS contributors:
       Mark Abraham           Andrey Alekseenko           Brian Andrews       
      Vladimir Basov              Paul Bauer                Hugh Bird         
      Eliane Briand               Ania Brown              Mahesh Doijade      
      Giacomo Fiorin          Stefan Fleischmann          Sergey Gorelov      
   Gilles Gouaillardet            Alan Gray              M. Eric Irrgang      
   Farzaneh Jalalypour         Petter Johansson          Carsten Kutzner      
    Grzegorz Łazarski         Justin A. Lemkul          Magnus Lundborg      
       Pascal Merz             Vedran Miletić            Dmitry Morozov      
     Lukas Müllender            Julien Nabet             Szilárd Páll      
 Andrea Pasquadibisceglie     Michele Pellegrino         Nicola Piasentin     
     Daniele Rapetti         Muhammad Umair Sadiq         Hubert Santuz       
      Roland Schulz             Michael Shirts           Tatiana Shugaeva     
     Alexey Shvetsov            Philip Turner            Alessandra Villa     
 Sebastian Wingbermühle  

                         Previous GROMACS contributors:
        Emile Apol             Rossen Apostolov           James Barnett       
  Herman J.C. Berendsen         Cathrine Bergh             Par Bjelkmar       
      Christian Blau          Viacheslav Bolnykh            Kevin Boyd        
    Aldert van Buuren          Carlo Camilloni           Rudi van Drunen      
      Anton Feenstra           Oliver Fleetwood            Vytas Gapsys       
       Gaurav Garg             Gerrit Groenhof            Bert de Groot       
      Anca Hamuraru           Vincent Hindriksen          Victor Holanda      
     Aleksei Iupinov              Joe Jordan            Christoph Junghans    
    Prashanth Kanduri        Dimitrios Karkoulis           Peter Kasson       
      Sebastian Kehl           Sebastian Keller             Jiri Kraus        
       Per Larsson              Viveca Lindahl            Erik Marklund       
    Pieter Meulenhoff           Teemu Murtola              Sander Pronk       
      Alfons Sijbers            Balint Soproni         David van der Spoel    
      Peter Tieleman            Carsten Uphoff             Jon Vincent        
     Teemu Virolainen         Christian Wennberg           Maarten Wolf       
      Artem Zhmurov       

                  Coordinated by the GROMACS project leaders:
                           Berk Hess and Erik Lindahl

GROMACS:      gmx mdrun, version 2025.5-dev
Executable:   GMX
Data prefix:  GMX_DATA (source tree)
Working dir:  RUN
Process ID:   61372
Command line:
  gmx mdrun -deffnm md -ntomp 4 -nb cpu

GROMACS version:     2025.5-dev
Precision:           mixed
Memory model:        64 bit
MPI library:         none
OpenMP support:      enabled (GMX_OPENMP_MAX_THREADS = 128)
GPU support:         disabled
SIMD instructions:   NONE
CPU FFT library:     fftpack (built-in)
GPU FFT library:     none
Multi-GPU FFT:       none
RDTSCP usage:        disabled
TNG support:         enabled
Hwloc support:       disabled
Tracing support:     disabled
C compiler:          C:/rtools45/x86_64-w64-mingw32.static.posix/bin/gcc.exe GNU 14.3.0
C compiler flags:    -Wno-array-bounds -fexcess-precision=fast -funroll-all-loops -Wall -Wno-unused -Wunused-value -Wunused-parameter -Wextra -Wno-sign-compare -Wpointer-arith -Wpedantic -Wundef -Werror=stringop-truncation -Wno-missing-field-initializers -O3 -DNDEBUG
C++ compiler:        C:/rtools45/x86_64-w64-mingw32.static.posix/bin/g++.exe GNU 14.3.0
C++ compiler flags:  -Wno-array-bounds -fexcess-precision=fast -funroll-all-loops -Wall -Wextra -Wpointer-arith -Wmissing-declarations -Wpedantic -Wundef -Wstringop-truncation -Wno-missing-field-initializers -Wno-cast-function-type-strict SHELL:-fopenmp -O3 -DNDEBUG
BLAS library:        Internal
LAPACK library:      Internal


Running on 1 node with total 6 cores, 12 processing units
Hardware detected on host XSUI:
  CPU info:
    Vendor: Intel
    Brand:  11th Gen Intel(R) Core(TM) i5-11600K @ 3.90GHz
    Family: 6   Model: 167   Stepping: 1
    Features: aes apic avx avx2 avx512f avx512cd avx512bw avx512vl avx512secondFMA clfsh cmov cx8 cx16 f16c fma htt intel lahf mmx msr nonstop_tsc pcid pclmuldq pdcm pdpe1gb popcnt pse rdrnd rdtscp sha sse2 sse3 sse4.1 sse4.2 ssse3 tdt x2apic
    Number of AVX-512 FMA units: 1 (For Intel, AVX2 is faster w/o 2 AVX-512 FMA units)
  Hardware topology: Basic
    Packages, cores, and logical processors:
    [indices refer to OS logical processors]
      Package  0: [   0   1] [   2   3] [   4   5] [   6   7] [   8   9] [  10  11]
    CPU limit set by OS: -1   Recommended max number of threads: 12

Likely fastest SIMD instructions supported by all nodes: AVX2_256
SIMD instructions selected at compile time:              None

The current CPU can measure timings more accurately than the code in
gmx mdrun was configured to use. This might affect your simulation
speed as accurate timings are needed for load-balancing.
Please consider rebuilding gmx mdrun with the GMX_USE_RDTSCP=ON CMake option.

++++ PLEASE READ AND CITE THE FOLLOWING REFERENCE ++++
M. J. Abraham, T. Murtola, R. Schulz, S. Páll, J. C. Smith, B. Hess, E.
Lindahl
GROMACS: High performance molecular simulations through multi-level
parallelism from laptops to supercomputers
SoftwareX (2015)
DOI: 10.1016/j.softx.2015.06.001
-------- -------- --- Thank You --- -------- --------


++++ PLEASE READ AND CITE THE FOLLOWING REFERENCE ++++
S. Páll, M. J. Abraham, C. Kutzner, B. Hess, E. Lindahl
Tackling Exascale Software Challenges in Molecular Dynamics Simulations with
GROMACS
In S. Markidis & E. Laure (Eds.), Solving Software Challenges for Exascale (2015)
DOI: 10.1007/978-3-319-15976-8_1
-------- -------- --- Thank You --- -------- --------


++++ PLEASE READ AND CITE THE FOLLOWING REFERENCE ++++
S. Pronk, S. Páll, R. Schulz, P. Larsson, P. Bjelkmar, R. Apostolov, M. R.
Shirts, J. C. Smith, P. M. Kasson, D. van der Spoel, B. Hess, E. Lindahl
GROMACS 4.5: a high-throughput and highly parallel open source molecular
simulation toolkit
Bioinformatics (2013)
DOI: 10.1093/bioinformatics/btt055
-------- -------- --- Thank You --- -------- --------


++++ PLEASE READ AND CITE THE FOLLOWING REFERENCE ++++
B. Hess, C. Kutzner, D. van der Spoel, E. Lindahl
GROMACS 4: Algorithms for highly efficient, load-balanced, and scalable
molecular simulation
J. Chem. Theory Comput. (2008)
DOI: 10.1021/ct700301q
-------- -------- --- Thank You --- -------- --------


++++ PLEASE READ AND CITE THE FOLLOWING REFERENCE ++++
D. van der Spoel, E. Lindahl, B. Hess, G. Groenhof, A. E. Mark, H. J. C.
Berendsen
GROMACS: Fast, Flexible and Free
J. Comp. Chem. (2005)
DOI: 10.1002/jcc.20291
-------- -------- --- Thank You --- -------- --------


++++ PLEASE READ AND CITE THE FOLLOWING REFERENCE ++++
E. Lindahl, B. Hess, D. van der Spoel
GROMACS 3.0: A package for molecular simulation and trajectory analysis
J. Mol. Mod. (2001)
DOI: 10.1007/s008940100045
-------- -------- --- Thank You --- -------- --------


++++ PLEASE READ AND CITE THE FOLLOWING REFERENCE ++++
H. J. C. Berendsen, D. van der Spoel and R. van Drunen
GROMACS: A message-passing parallel molecular dynamics implementation
Comp. Phys. Comm. (1995)
DOI: 10.1016/0010-4655(95)00042-E
-------- -------- --- Thank You --- -------- --------


++++ PLEASE CITE THE DOI FOR THIS VERSION OF GROMACS ++++
https://doi.org/10.5281/zenodo.22141050
-------- -------- --- Thank You --- -------- --------

Input Parameters:
   integrator                     = md
   tinit                          = 0
   dt                             = 0.002
   nsteps                         = 50000
   init-step                      = 0
   simulation-part                = 1
   mts                            = false
   mass-repartition-factor        = 1
   comm-mode                      = Linear
   nstcomm                        = 100
   bd-fric                        = 0
   ld-seed                        = -2013432905
   emtol                          = 10
   emstep                         = 0.01
   niter                          = 20
   fcstep                         = 0
   nstcgsteep                     = 1000
   nbfgscorr                      = 10
   rtpi                           = 0.05
   nstxout                        = 0
   nstvout                        = 0
   nstfout                        = 0
   nstlog                         = 500
   nstcalcenergy                  = 100
   nstenergy                      = 100
   nstxout-compressed             = 500
   compressed-x-precision         = 1000
   cutoff-scheme                  = Verlet
   nstlist                        = 20
   pbc                            = xyz
   periodic-molecules             = false
   verlet-buffer-tolerance        = 0.005
   verlet-buffer-pressure-tolerance = 0.5
   rlist                          = 1.027
   coulombtype                    = PME
   coulomb-modifier               = Potential-shift
   rcoulomb-switch                = 0
   rcoulomb                       = 1
   epsilon-r                      = 1
   epsilon-rf                     = inf
   vdw-type                       = Cut-off
   vdw-modifier                   = Potential-shift
   rvdw-switch                    = 0
   rvdw                           = 1
   DispCorr                       = EnerPres
   table-extension                = 1
   fourierspacing                 = 0.12
   fourier-nx                     = 60
   fourier-ny                     = 60
   fourier-nz                     = 60
   pme-order                      = 4
   ewald-rtol                     = 1e-05
   ewald-rtol-lj                  = 0.001
   lj-pme-comb-rule               = Geometric
   ewald-geometry                 = 3d
   epsilon-surface                = 0
   ensemble-temperature-setting   = constant
   ensemble-temperature           = 300
   tcoupl                         = V-rescale
   nsttcouple                     = 100
   nh-chain-length                = 0
   print-nose-hoover-chain-variables = false
   pcoupl                         = C-rescale
   pcoupltype                     = Isotropic
   nstpcouple                     = 100
   tau-p                          = 5
   compressibility (3x3):
      compressibility[    0]={ 4.50000e-05,  0.00000e+00,  0.00000e+00}
      compressibility[    1]={ 0.00000e+00,  4.50000e-05,  0.00000e+00}
      compressibility[    2]={ 0.00000e+00,  0.00000e+00,  4.50000e-05}
   ref-p (3x3):
      ref-p[    0]={ 1.00000e+00,  0.00000e+00,  0.00000e+00}
      ref-p[    1]={ 0.00000e+00,  1.00000e+00,  0.00000e+00}
      ref-p[    2]={ 0.00000e+00,  0.00000e+00,  1.00000e+00}
   refcoord-scaling               = No
   posres-com: not available
   posres-comB: not available
   QMMM                           = false
qm-opts:
   ngQM                           = 0
   constraint-algorithm           = Lincs
   continuation                   = true
   Shake-SOR                      = false
   shake-tol                      = 0.0001
   lincs-order                    = 4
   lincs-iter                     = 1
   lincs-warnangle                = 30
   nwall                          = 0
   wall-type                      = 9-3
   wall-r-linpot                  = -1
   wall-atomtype[0]               = -1
   wall-atomtype[1]               = -1
   wall-density[0]                = 0
   wall-density[1]                = 0
   wall-ewald-zfac                = 3
   pull                           = false
   awh                            = false
   rotation                       = false
   interactiveMD                  = false
   disre                          = No
   disre-weighting                = Conservative
   disre-mixed                    = false
   dr-fc                          = 1000
   dr-tau                         = 0
   nstdisreout                    = 100
   orire-fc                       = 0
   orire-tau                      = 0
   nstorireout                    = 100
   free-energy                    = no
   cos-acceleration               = 0
   deform (3x3):
      deform[    0]={ 0.00000e+00,  0.00000e+00,  0.00000e+00}
      deform[    1]={ 0.00000e+00,  0.00000e+00,  0.00000e+00}
      deform[    2]={ 0.00000e+00,  0.00000e+00,  0.00000e+00}
   simulated-tempering            = false
   swapcoords                     = no
   userint1                       = 0
   userint2                       = 0
   userint3                       = 0
   userint4                       = 0
   userreal1                      = 0
   userreal2                      = 0
   userreal3                      = 0
   userreal4                      = 0
   applied-forces:
     electric-field:
       x:
         E0                       = 0
         omega                    = 0
         t0                       = 0
         sigma                    = 0
       y:
         E0                       = 0
         omega                    = 0
         t0                       = 0
         sigma                    = 0
       z:
         E0                       = 0
         omega                    = 0
         t0                       = 0
         sigma                    = 0
     density-guided-simulation:
       active                     = false
       group                      = protein
       similarity-measure         = inner-product
       atom-spreading-weight      = unity
       force-constant             = 1e+09
       gaussian-transform-spreading-width = 0.2
       gaussian-transform-spreading-range-in-multiples-of-width = 4
       reference-density-filename = reference.mrc
       nst                        = 1
       normalize-densities        = true
       adaptive-force-scaling     = false
       adaptive-force-scaling-time-constant = 4
       shift-vector               = 
       transformation-matrix      = 
     qmmm-cp2k:
       active                     = false
       qmgroup                    = System
       qmmethod                   = PBE
       qmfilenames                = 
       qmcharge                   = 0
       qmmultiplicity             = 1
     colvars:
       active                     = false
       configfile                 = 
       seed                       = -1
     nnpot:
       active                     = false
       modelfile                  = model.pt
       input-group                = System
       model-input1               = 
       model-input2               = 
       model-input3               = 
       model-input4               = 
grpopts:
   nrdf:      4920.7     43875.3
   ref-t:         300         300
   tau-t:           1           1
annealing:          No          No
annealing-npoints:           0           0
   acc:	           0           0           0
   nfreeze:           N           N           N
   energygrp-flags[  0]: 0

Changing nstlist from 20 to 50, rlist from 1.027 to 1.106


Initializing Domain Decomposition on 1 ranks
Dynamic load balancing: auto
Using update groups, nr 8340, average size 2.9 atoms, max. radius 0.104 nm
Minimum cell size due to atom displacement: 0.398 nm
Initial maximum distances in bonded interactions:
    two-body bonded interactions: 0.447 nm, LJ-14, atoms 1156 1405
  multi-body bonded interactions: 0.447 nm, Proper Dih., atoms 1156 1405
Minimum cell size due to bonded interactions: 0.492 nm
Using 0 separate PME ranks because: there are too few total ranks for efficient splitting
Optimizing the DD grid for 1 cells with a minimum initial size of 0.492 nm
The maximum allowed number of cells is: X 11 Y 11 Z 10
Domain decomposition grid 1 x 1 x 1, separate PME ranks 0
PME domain decomposition: 1 x 1 x 1

The initial number of communication pulses is:
The initial domain decomposition cell size is:

The maximum allowed distance for atom groups involved in interactions is:
                 non-bonded interactions           1.314 nm
(the following are initial values, they could change due to box deformation)
            two-body bonded interactions  (-rdd)   1.314 nm
          multi-body bonded interactions  (-rdd)   1.314 nm

When dynamic load balancing gets turned on, these settings will change to:
The maximum number of communication pulses is:
The minimum size for domain decomposition cells is 1.314 nm
The requested allowed shrink of DD cells (option -dds) is: 0.80
The allowed shrink of domain decomposition cells is:
The maximum allowed distance for atom groups involved in interactions is:
                 non-bonded interactions           1.314 nm
            two-body bonded interactions  (-rdd)   1.314 nm
          multi-body bonded interactions  (-rdd)   1.314 nm

Local state does not use filler particles

Using 4 OpenMP threads 

System total charge: 0.000
Will do PME sum in reciprocal space for electrostatic interactions.

++++ PLEASE READ AND CITE THE FOLLOWING REFERENCE ++++
U. Essmann, L. Perera, M. L. Berkowitz, T. Darden, H. Lee, L. G. Pedersen 
A smooth particle mesh Ewald method
J. Chem. Phys. (1995)
DOI: 10.1063/1.470117
-------- -------- --- Thank You --- -------- --------

Using a Gaussian width (1/beta) of 0.320163 nm for Ewald
Potential shift: LJ r^-12: -1.000e+00 r^-6: -1.000e+00, Ewald -1.000e-05
Initialized non-bonded Coulomb Ewald tables, spacing: 9.33e-04 size: 1073

Generated table with 1053 data points for 1-4 COUL.
Tabscale = 500 points/nm
Generated table with 1053 data points for 1-4 LJ6.
Tabscale = 500 points/nm
Generated table with 1053 data points for 1-4 LJ12.
Tabscale = 500 points/nm
Long Range LJ corr.: <C6> 3.1910e-04


Using plain-C-4x4 4x4 nonbonded short-range kernels

WARNING: Using the slow plain-C-4x4 kernels. This should
not happen during routine usage on common platforms.

Using a dual 4x4 pair-list setup updated with dynamic pruning:
  outer list: updated every 50 steps, buffer 0.106 nm, rlist 1.106 nm
  inner list: updated every 10 steps, buffer 0.000 nm, rlist 1.000 nm
At tolerance 0.005 kJ/mol/ps per atom, equivalent classical 1x1 list would be:
  outer list: updated every 50 steps, buffer 0.232 nm, rlist 1.232 nm
  inner list: updated every 10 steps, buffer 0.034 nm, rlist 1.034 nm

The average pressure is off by at most 0.46 bar due to missing LJ interactions

Using Lorentz-Berthelot Lennard-Jones combination rule

Linking all bonded interactions to atoms


NOTE: The number of threads is not equal to the number of (logical) cpus
      and the -pin option is set to auto: will not pin threads to cpus.
      This can lead to significant performance degradation.
      Consider using -pin on (and -pinoffset in case you run multiple jobs).

Initializing LINear Constraint Solver

++++ PLEASE READ AND CITE THE FOLLOWING REFERENCE ++++
B. Hess, H. Bekker, H. J. C. Berendsen, J. G. E. M. Fraaije
LINCS: A Linear Constraint Solver for molecular simulations
J. Comp. Chem. (1997)
DOI: 10.1002/(sici)1096-987x(199709)18:12<1463::aid-jcc4>3.0.co;2-h
-------- -------- --- Thank You --- -------- --------

The number of constraints is 959

++++ PLEASE READ AND CITE THE FOLLOWING REFERENCE ++++
S. Miyamoto, P. A. Kollman
SETTLE: An Analytical Version of the SHAKE and RATTLE Algorithms for Rigid
Water Models
J. Comp. Chem. (1992)
DOI: 10.1002/jcc.540130805
-------- -------- --- Thank You --- -------- --------


++++ PLEASE READ AND CITE THE FOLLOWING REFERENCE ++++
G. Bussi, D. Donadio, M. Parrinello
Canonical sampling through velocity rescaling
J. Chem. Phys. (2007)
DOI: 10.1063/1.2408420
-------- -------- --- Thank You --- -------- --------


++++ PLEASE READ AND CITE THE FOLLOWING REFERENCE ++++
M. Bernetti, G. Bussi
Pressure control using stochastic cell rescaling
J. Chem. Phys. (2020)
DOI: 10.1063/5.0020514
-------- -------- --- Thank You --- -------- --------

There are: 23873 Atoms

Atom distribution over 1 domains: av 23873 stddev 0 min 23873 max 23873
Center of mass motion removal mode is Linear
We have the following groups for center of mass motion removal:
  0:  rest

Started mdrun on rank 0 Fri Oct  2 13:16:12 2026

           Step           Time
              0        0.00000

   Energies (kJ/mol)
           Bond          Angle    Proper Dih. Per. Imp. Dih.          LJ-14
    1.54602e+03    3.75023e+03    5.39732e+03    2.20575e+02    1.90417e+03
     Coulomb-14        LJ (SR)  Disper. corr.   Coulomb (SR)   Coul. recip.
    1.62544e+04    4.35876e+04   -3.19112e+03   -4.03454e+05    2.43260e+03
      Potential    Kinetic En.   Total Energy  Conserved En.    Temperature
   -3.31552e+05    6.09702e+04   -2.70582e+05   -2.70640e+05    3.00559e+02
 Pres. DC (bar) Pressure (bar)   Constr. rmsd
   -2.22508e+02    4.50552e+02    3.14569e-06

           Step           Time
            500        1.00000

   Energies (kJ/mol)
           Bond          Angle    Proper Dih. Per. Imp. Dih.          LJ-14
    1.57509e+03    4.03317e+03    5.51248e+03    2.56425e+02    1.81876e+03
     Coulomb-14        LJ (SR)  Disper. corr.   Coulomb (SR)   Coul. recip.
    1.60103e+04    4.28381e+04   -3.18234e+03   -4.01694e+05    2.37320e+03
      Potential    Kinetic En.   Total Energy  Conserved En.    Temperature
   -3.30458e+05    6.11338e+04   -2.69325e+05   -2.70641e+05    3.01365e+02
 Pres. DC (bar) Pressure (bar)   Constr. rmsd
   -2.21288e+02    1.75409e+02    3.01832e-06

           Step           Time
           1000        2.00000

   Energies (kJ/mol)
           Bond          Angle    Proper Dih. Per. Imp. Dih.          LJ-14
    1.63268e+03    3.80766e+03    5.40617e+03    2.56085e+02    1.89326e+03
     Coulomb-14        LJ (SR)  Disper. corr.   Coulomb (SR)   Coul. recip.
    1.61952e+04    4.24008e+04   -3.18493e+03   -4.01673e+05    2.46728e+03
      Potential    Kinetic En.   Total Energy  Conserved En.    Temperature
   -3.30798e+05    6.14099e+04   -2.69388e+05   -2.70578e+05    3.02726e+02
 Pres. DC (bar) Pressure (bar)   Constr. rmsd
   -2.21648e+02    2.03505e+00    2.90387e-06

           Step           Time
           1500        3.00000

   Energies (kJ/mol)
           Bond          Angle    Proper Dih. Per. Imp. Dih.          LJ-14
    1.55529e+03    3.86036e+03    5.42098e+03    2.69175e+02    1.95093e+03
     Coulomb-14        LJ (SR)  Disper. corr.   Coulomb (SR)   Coul. recip.
    1.61920e+04    4.29324e+04   -3.17622e+03   -4.02436e+05    2.33370e+03
      Potential    Kinetic En.   Total Energy  Conserved En.    Temperature
   -3.31097e+05    6.10689e+04   -2.70028e+05   -2.70731e+05    3.01045e+02
 Pres. DC (bar) Pressure (bar)   Constr. rmsd
   -2.20438e+02   -1.62013e+01    2.81709e-06

           Step           Time
           2000        4.00000

   Energies (kJ/mol)
           Bond          Angle    Proper Dih. Per. Imp. Dih.          LJ-14
    1.56800e+03    4.02439e+03    5.40053e+03    2.99237e+02    1.81265e+03
     Coulomb-14        LJ (SR)  Disper. corr.   Coulomb (SR)   Coul. recip.
    1.59671e+04    4.23155e+04   -3.17693e+03   -4.01366e+05    2.41781e+03
      Potential    Kinetic En.   Total Energy  Conserved En.    Temperature
   -3.30738e+05    6.13951e+04   -2.69342e+05   -2.70685e+05    3.02653e+02
 Pres. DC (bar) Pressure (bar)   Constr. rmsd
   -2.20537e+02   -2.01469e+02    3.20377e-06

           Step           Time
           2500        5.00000

   Energies (kJ/mol)
           Bond          Angle    Proper Dih. Per. Imp. Dih.          LJ-14
    1.56584e+03    3.82587e+03    5.44373e+03    2.55376e+02    1.86998e+03
     Coulomb-14        LJ (SR)  Disper. corr.   Coulomb (SR)   Coul. recip.
    1.61034e+04    4.27408e+04   -3.17740e+03   -4.02285e+05    2.41922e+03
      Potential    Kinetic En.   Total Energy  Conserved En.    Temperature
   -3.31238e+05    6.17637e+04   -2.69474e+05   -2.70690e+05    3.04470e+02
 Pres. DC (bar) Pressure (bar)   Constr. rmsd
   -2.20602e+02   -9.16100e+01    2.90182e-06

           Step           Time
           3000        6.00000

   Energies (kJ/mol)
           Bond          Angle    Proper Dih. Per. Imp. Dih.          LJ-14
    1.62421e+03    4.06683e+03    5.39993e+03    2.82796e+02    1.85539e+03
     Coulomb-14        LJ (SR)  Disper. corr.   Coulomb (SR)   Coul. recip.
    1.60362e+04    4.16641e+04   -3.17229e+03   -3.99582e+05    2.46281e+03
      Potential    Kinetic En.   Total Energy  Conserved En.    Temperature
   -3.29362e+05    6.08888e+04   -2.68473e+05   -2.70712e+05    3.00157e+02
 Pres. DC (bar) Pressure (bar)   Constr. rmsd
   -2.19894e+02   -9.38576e+01    2.73764e-06

           Step           Time
           3500        7.00000

   Energies (kJ/mol)
           Bond          Angle    Proper Dih. Per. Imp. Dih.          LJ-14
    1.56639e+03    3.98316e+03    5.44968e+03    2.96908e+02    1.92129e+03
     Coulomb-14        LJ (SR)  Disper. corr.   Coulomb (SR)   Coul. recip.
    1.62134e+04    4.20908e+04   -3.17631e+03   -4.00726e+05    2.41295e+03
      Potential    Kinetic En.   Total Energy  Conserved En.    Temperature
   -3.29968e+05    6.09601e+04   -2.69008e+05   -2.70667e+05    3.00509e+02
 Pres. DC (bar) Pressure (bar)   Constr. rmsd
   -2.20451e+02   -4.07605e+01    2.86254e-06

           Step           Time
           4000        8.00000

   Energies (kJ/mol)
           Bond          Angle    Proper Dih. Per. Imp. Dih.          LJ-14
    1.63220e+03    3.77382e+03    5.41573e+03    2.95588e+02    1.87245e+03
     Coulomb-14        LJ (SR)  Disper. corr.   Coulomb (SR)   Coul. recip.
    1.61240e+04    4.23954e+04   -3.17564e+03   -4.01698e+05    2.42930e+03
      Potential    Kinetic En.   Total Energy  Conserved En.    Temperature
   -3.30935e+05    6.14807e+04   -2.69454e+05   -2.70677e+05    3.03075e+02
 Pres. DC (bar) Pressure (bar)   Constr. rmsd
   -2.20358e+02   -2.41350e+02    2.89276e-06

           Step           Time
           4500        9.00000

   Energies (kJ/mol)
           Bond          Angle    Proper Dih. Per. Imp. Dih.          LJ-14
    1.47341e+03    3.95800e+03    5.42054e+03    2.56164e+02    1.90770e+03
     Coulomb-14        LJ (SR)  Disper. corr.   Coulomb (SR)   Coul. recip.
    1.62078e+04    4.21082e+04   -3.17814e+03   -4.01626e+05    2.43893e+03
      Potential    Kinetic En.   Total Energy  Conserved En.    Temperature
   -3.31033e+05    6.14671e+04   -2.69566e+05   -2.70594e+05    3.03008e+02
 Pres. DC (bar) Pressure (bar)   Constr. rmsd
   -2.20704e+02   -1.39700e+02    2.81818e-06

           Step           Time
           5000       10.00000

   Energies (kJ/mol)
           Bond          Angle    Proper Dih. Per. Imp. Dih.          LJ-14
    1.56541e+03    3.93073e+03    5.39472e+03    2.38924e+02    1.84910e+03
     Coulomb-14        LJ (SR)  Disper. corr.   Coulomb (SR)   Coul. recip.
    1.60768e+04    4.33681e+04   -3.17967e+03   -4.02678e+05    2.45187e+03
      Potential    Kinetic En.   Total Energy  Conserved En.    Temperature
   -3.30982e+05    6.12463e+04   -2.69735e+05   -2.70659e+05    3.01920e+02
 Pres. DC (bar) Pressure (bar)   Constr. rmsd
   -2.20917e+02    2.18128e+02    3.13596e-06

           Step           Time
           5500       11.00000

   Energies (kJ/mol)
           Bond          Angle    Proper Dih. Per. Imp. Dih.          LJ-14
    1.56508e+03    3.79737e+03    5.36718e+03    2.77806e+02    1.86271e+03
     Coulomb-14        LJ (SR)  Disper. corr.   Coulomb (SR)   Coul. recip.
    1.62046e+04    4.33223e+04   -3.18451e+03   -4.03053e+05    2.39298e+03
      Potential    Kinetic En.   Total Energy  Conserved En.    Temperature
   -3.31447e+05    6.08305e+04   -2.70617e+05   -2.70531e+05    2.99870e+02
 Pres. DC (bar) Pressure (bar)   Constr. rmsd
   -2.21589e+02    1.52754e+02    2.97151e-06

           Step           Time
           6000       12.00000

   Energies (kJ/mol)
           Bond          Angle    Proper Dih. Per. Imp. Dih.          LJ-14
    1.51840e+03    3.89051e+03    5.39723e+03    2.21684e+02    1.85705e+03
     Coulomb-14        LJ (SR)  Disper. corr.   Coulomb (SR)   Coul. recip.
    1.61934e+04    4.29496e+04   -3.18903e+03   -4.01944e+05    2.41335e+03
      Potential    Kinetic En.   Total Energy  Conserved En.    Temperature
   -3.30692e+05    6.04627e+04   -2.70229e+05   -2.70441e+05    2.98057e+02
 Pres. DC (bar) Pressure (bar)   Constr. rmsd
   -2.22218e+02   -2.55050e+01    2.83917e-06

           Step           Time
           6500       13.00000

   Energies (kJ/mol)
           Bond          Angle    Proper Dih. Per. Imp. Dih.          LJ-14
    1.62649e+03    3.88445e+03    5.37501e+03    2.81132e+02    1.89826e+03
     Coulomb-14        LJ (SR)  Disper. corr.   Coulomb (SR)   Coul. recip.
    1.63082e+04    4.31901e+04   -3.18530e+03   -4.02700e+05    2.51326e+03
      Potential    Kinetic En.   Total Energy  Conserved En.    Temperature
   -3.30808e+05    6.03582e+04   -2.70450e+05   -2.70489e+05    2.97542e+02
 Pres. DC (bar) Pressure (bar)   Constr. rmsd
   -2.21699e+02   -1.36340e+01    3.04620e-06

           Step           Time
           7000       14.00000

   Energies (kJ/mol)
           Bond          Angle    Proper Dih. Per. Imp. Dih.          LJ-14
    1.48360e+03    3.97656e+03    5.38995e+03    2.28716e+02    1.89249e+03
     Coulomb-14        LJ (SR)  Disper. corr.   Coulomb (SR)   Coul. recip.
    1.60375e+04    4.22842e+04   -3.17700e+03   -4.01495e+05    2.41059e+03
      Potential    Kinetic En.   Total Energy  Conserved En.    Temperature
   -3.30969e+05    6.06834e+04   -2.70285e+05   -2.70596e+05    2.99145e+02
 Pres. DC (bar) Pressure (bar)   Constr. rmsd
   -2.20546e+02   -2.20918e+01    3.02141e-06

           Step           Time
           7500       15.00000

   Energies (kJ/mol)
           Bond          Angle    Proper Dih. Per. Imp. Dih.          LJ-14
    1.65267e+03    3.77220e+03    5.35477e+03    2.49158e+02    1.88410e+03
     Coulomb-14        LJ (SR)  Disper. corr.   Coulomb (SR)   Coul. recip.
    1.60761e+04    4.31229e+04   -3.17355e+03   -4.03053e+05    2.37638e+03
      Potential    Kinetic En.   Total Energy  Conserved En.    Temperature
   -3.31738e+05    6.11988e+04   -2.70539e+05   -2.70610e+05    3.01686e+02
 Pres. DC (bar) Pressure (bar)   Constr. rmsd
   -2.20068e+02    5.91724e+00    2.85225e-06

           Step           Time
           8000       16.00000

   Energies (kJ/mol)
           Bond          Angle    Proper Dih. Per. Imp. Dih.          LJ-14
    1.56659e+03    3.77864e+03    5.21472e+03    3.00632e+02    1.90185e+03
     Coulomb-14        LJ (SR)  Disper. corr.   Coulomb (SR)   Coul. recip.
    1.62252e+04    4.20754e+04   -3.18236e+03   -4.02363e+05    2.38454e+03
      Potential    Kinetic En.   Total Energy  Conserved En.    Temperature
   -3.32098e+05    6.06465e+04   -2.71451e+05   -2.70499e+05    2.98963e+02
 Pres. DC (bar) Pressure (bar)   Constr. rmsd
   -2.21290e+02   -1.23825e+02    2.90785e-06

           Step           Time
           8500       17.00000

   Energies (kJ/mol)
           Bond          Angle    Proper Dih. Per. Imp. Dih.          LJ-14
    1.61580e+03    3.78992e+03    5.39696e+03    2.49959e+02    1.90322e+03
     Coulomb-14        LJ (SR)  Disper. corr.   Coulomb (SR)   Coul. recip.
    1.60815e+04    4.21730e+04   -3.18060e+03   -4.00985e+05    2.30435e+03
      Potential    Kinetic En.   Total Energy  Conserved En.    Temperature
   -3.30651e+05    6.05315e+04   -2.70120e+05   -2.70482e+05    2.98396e+02
 Pres. DC (bar) Pressure (bar)   Constr. rmsd
   -2.21045e+02   -2.11983e+02    3.13920e-06

           Step           Time
           9000       18.00000

   Energies (kJ/mol)
           Bond          Angle    Proper Dih. Per. Imp. Dih.          LJ-14
    1.46509e+03    3.94811e+03    5.38983e+03    2.90033e+02    1.92113e+03
     Coulomb-14        LJ (SR)  Disper. corr.   Coulomb (SR)   Coul. recip.
    1.60770e+04    4.29471e+04   -3.17726e+03   -4.02748e+05    2.39112e+03
      Potential    Kinetic En.   Total Energy  Conserved En.    Temperature
   -3.31496e+05    6.07784e+04   -2.70718e+05   -2.70558e+05    2.99613e+02
 Pres. DC (bar) Pressure (bar)   Constr. rmsd
   -2.20582e+02    1.65892e+01    3.09894e-06

           Step           Time
           9500       19.00000

   Energies (kJ/mol)
           Bond          Angle    Proper Dih. Per. Imp. Dih.          LJ-14
    1.55276e+03    3.87669e+03    5.40313e+03    2.19038e+02    1.90215e+03
     Coulomb-14        LJ (SR)  Disper. corr.   Coulomb (SR)   Coul. recip.
    1.61384e+04    4.32116e+04   -3.17849e+03   -4.03393e+05    2.38285e+03
      Potential    Kinetic En.   Total Energy  Conserved En.    Temperature
   -3.31885e+05    6.05588e+04   -2.71326e+05   -2.70524e+05    2.98531e+02
 Pres. DC (bar) Pressure (bar)   Constr. rmsd
   -2.20753e+02    2.79923e+01    3.06800e-06

           Step           Time
          10000       20.00000

   Energies (kJ/mol)
           Bond          Angle    Proper Dih. Per. Imp. Dih.          LJ-14
    1.64796e+03    4.02076e+03    5.33943e+03    2.64009e+02    1.82920e+03
     Coulomb-14        LJ (SR)  Disper. corr.   Coulomb (SR)   Coul. recip.
    1.58407e+04    4.22141e+04   -3.17229e+03   -4.01570e+05    2.34837e+03
      Potential    Kinetic En.   Total Energy  Conserved En.    Temperature
   -3.31238e+05    6.08410e+04   -2.70397e+05   -2.70550e+05    2.99922e+02
 Pres. DC (bar) Pressure (bar)   Constr. rmsd
   -2.19894e+02   -1.54194e+02    3.71461e-06

           Step           Time
          10500       21.00000

   Energies (kJ/mol)
           Bond          Angle    Proper Dih. Per. Imp. Dih.          LJ-14
    1.55856e+03    4.00096e+03    5.33271e+03    2.60712e+02    1.83262e+03
     Coulomb-14        LJ (SR)  Disper. corr.   Coulomb (SR)   Coul. recip.
    1.61423e+04    4.23177e+04   -3.17134e+03   -4.01625e+05    2.46007e+03
      Potential    Kinetic En.   Total Energy  Conserved En.    Temperature
   -3.30891e+05    6.07810e+04   -2.70110e+05   -2.70548e+05    2.99626e+02
 Pres. DC (bar) Pressure (bar)   Constr. rmsd
   -2.19762e+02   -2.26178e+02    3.09271e-06

           Step           Time
          11000       22.00000

   Energies (kJ/mol)
           Bond          Angle    Proper Dih. Per. Imp. Dih.          LJ-14
    1.60080e+03    3.82334e+03    5.38891e+03    2.66530e+02    1.85237e+03
     Coulomb-14        LJ (SR)  Disper. corr.   Coulomb (SR)   Coul. recip.
    1.60908e+04    4.21504e+04   -3.17456e+03   -4.01441e+05    2.45084e+03
      Potential    Kinetic En.   Total Energy  Conserved En.    Temperature
   -3.30992e+05    6.07350e+04   -2.70257e+05   -2.70479e+05    2.99399e+02
 Pres. DC (bar) Pressure (bar)   Constr. rmsd
   -2.20208e+02   -2.17690e+02    3.05050e-06

           Step           Time
          11500       23.00000

   Energies (kJ/mol)
           Bond          Angle    Proper Dih. Per. Imp. Dih.          LJ-14
    1.49540e+03    3.96495e+03    5.43424e+03    2.32931e+02    1.85356e+03
     Coulomb-14        LJ (SR)  Disper. corr.   Coulomb (SR)   Coul. recip.
    1.62720e+04    4.33095e+04   -3.17932e+03   -4.03309e+05    2.37728e+03
      Potential    Kinetic En.   Total Energy  Conserved En.    Temperature
   -3.31548e+05    6.04885e+04   -2.71060e+05   -2.70438e+05    2.98184e+02
 Pres. DC (bar) Pressure (bar)   Constr. rmsd
   -2.20868e+02   -3.90277e+01    2.76372e-06

           Step           Time
          12000       24.00000

   Energies (kJ/mol)
           Bond          Angle    Proper Dih. Per. Imp. Dih.          LJ-14
    1.58270e+03    3.90265e+03    5.30263e+03    2.54078e+02    1.83287e+03
     Coulomb-14        LJ (SR)  Disper. corr.   Coulomb (SR)   Coul. recip.
    1.60400e+04    4.44158e+04   -3.18230e+03   -4.04654e+05    2.40705e+03
      Potential    Kinetic En.   Total Energy  Conserved En.    Temperature
   -3.32099e+05    6.06625e+04   -2.71436e+05   -2.70426e+05    2.99042e+02
 Pres. DC (bar) Pressure (bar)   Constr. rmsd
   -2.21283e+02    3.42159e+02    2.95800e-06

           Step           Time
          12500       25.00000

   Energies (kJ/mol)
           Bond          Angle    Proper Dih. Per. Imp. Dih.          LJ-14
    1.60085e+03    4.02249e+03    5.29684e+03    2.54064e+02    1.87267e+03
     Coulomb-14        LJ (SR)  Disper. corr.   Coulomb (SR)   Coul. recip.
    1.61435e+04    4.36092e+04   -3.18332e+03   -4.03135e+05    2.32908e+03
      Potential    Kinetic En.   Total Energy  Conserved En.    Temperature
   -3.31190e+05    6.04221e+04   -2.70767e+05   -2.70397e+05    2.97857e+02
 Pres. DC (bar) Pressure (bar)   Constr. rmsd
   -2.21423e+02    1.89731e+02    2.82493e-06

           Step           Time
          13000       26.00000

   Energies (kJ/mol)
           Bond          Angle    Proper Dih. Per. Imp. Dih.          LJ-14
    1.50221e+03    4.05590e+03    5.32104e+03    2.30841e+02    1.86056e+03
     Coulomb-14        LJ (SR)  Disper. corr.   Coulomb (SR)   Coul. recip.
    1.60103e+04    4.33979e+04   -3.18302e+03   -4.02904e+05    2.40616e+03
      Potential    Kinetic En.   Total Energy  Conserved En.    Temperature
   -3.31302e+05    6.02831e+04   -2.71019e+05   -2.70410e+05    2.97172e+02
 Pres. DC (bar) Pressure (bar)   Constr. rmsd
   -2.21382e+02    5.73793e+01    2.90999e-06

           Step           Time
          13500       27.00000

   Energies (kJ/mol)
           Bond          Angle    Proper Dih. Per. Imp. Dih.          LJ-14
    1.47630e+03    3.96124e+03    5.40499e+03    2.66243e+02    1.90799e+03
     Coulomb-14        LJ (SR)  Disper. corr.   Coulomb (SR)   Coul. recip.
    1.61401e+04    4.17572e+04   -3.18376e+03   -4.00973e+05    2.35889e+03
      Potential    Kinetic En.   Total Energy  Conserved En.    Temperature
   -3.30884e+05    6.07376e+04   -2.70146e+05   -2.70363e+05    2.99412e+02
 Pres. DC (bar) Pressure (bar)   Constr. rmsd
   -2.21484e+02    7.52099e+00    2.98222e-06

           Step           Time
          14000       28.00000

   Energies (kJ/mol)
           Bond          Angle    Proper Dih. Per. Imp. Dih.          LJ-14
    1.44912e+03    4.00848e+03    5.40372e+03    3.05576e+02    1.94635e+03
     Coulomb-14        LJ (SR)  Disper. corr.   Coulomb (SR)   Coul. recip.
    1.62636e+04    4.28866e+04   -3.18646e+03   -4.02074e+05    2.42720e+03
      Potential    Kinetic En.   Total Energy  Conserved En.    Temperature
   -3.30570e+05    6.11977e+04   -2.69372e+05   -2.70339e+05    3.01680e+02
 Pres. DC (bar) Pressure (bar)   Constr. rmsd
   -2.21860e+02    2.35759e+02    3.04002e-06

           Step           Time
          14500       29.00000

   Energies (kJ/mol)
           Bond          Angle    Proper Dih. Per. Imp. Dih.          LJ-14
    1.53306e+03    3.67876e+03    5.46000e+03    2.63248e+02    1.89235e+03
     Coulomb-14        LJ (SR)  Disper. corr.   Coulomb (SR)   Coul. recip.
    1.62128e+04    4.31510e+04   -3.19461e+03   -4.03191e+05    2.37721e+03
      Potential    Kinetic En.   Total Energy  Conserved En.    Temperature
   -3.31817e+05    6.10395e+04   -2.70778e+05   -2.70140e+05    3.00900e+02
 Pres. DC (bar) Pressure (bar)   Constr. rmsd
   -2.22995e+02   -2.04615e+01    3.21462e-06

           Step           Time
          15000       30.00000

   Energies (kJ/mol)
           Bond          Angle    Proper Dih. Per. Imp. Dih.          LJ-14
    1.47543e+03    3.72686e+03    5.30153e+03    2.20836e+02    1.90313e+03
     Coulomb-14        LJ (SR)  Disper. corr.   Coulomb (SR)   Coul. recip.
    1.64398e+04    4.39117e+04   -3.20304e+03   -4.05351e+05    2.30480e+03
      Potential    Kinetic En.   Total Energy  Conserved En.    Temperature
   -3.33270e+05    6.14842e+04   -2.71786e+05   -2.70060e+05    3.03093e+02
 Pres. DC (bar) Pressure (bar)   Constr. rmsd
   -2.24172e+02    2.73105e+02    2.97019e-06

           Step           Time
          15500       31.00000

   Energies (kJ/mol)
           Bond          Angle    Proper Dih. Per. Imp. Dih.          LJ-14
    1.52404e+03    3.84291e+03    5.32631e+03    2.63092e+02    1.91531e+03
     Coulomb-14        LJ (SR)  Disper. corr.   Coulomb (SR)   Coul. recip.
    1.62644e+04    4.36324e+04   -3.20501e+03   -4.04547e+05    2.34164e+03
      Potential    Kinetic En.   Total Energy  Conserved En.    Temperature
   -3.32642e+05    6.13251e+04   -2.71317e+05   -2.70148e+05    3.02308e+02
 Pres. DC (bar) Pressure (bar)   Constr. rmsd
   -2.24448e+02    3.29944e+02    3.09898e-06

           Step           Time
          16000       32.00000

   Energies (kJ/mol)
           Bond          Angle    Proper Dih. Per. Imp. Dih.          LJ-14
    1.63668e+03    3.71576e+03    5.40230e+03    3.09394e+02    1.92399e+03
     Coulomb-14        LJ (SR)  Disper. corr.   Coulomb (SR)   Coul. recip.
    1.60924e+04    4.31189e+04   -3.19069e+03   -4.03237e+05    2.39530e+03
      Potential    Kinetic En.   Total Energy  Conserved En.    Temperature
   -3.31833e+05    6.04748e+04   -2.71358e+05   -2.70193e+05    2.98117e+02
 Pres. DC (bar) Pressure (bar)   Constr. rmsd
   -2.22448e+02   -1.64257e+01    3.16506e-06

           Step           Time
          16500       33.00000

   Energies (kJ/mol)
           Bond          Angle    Proper Dih. Per. Imp. Dih.          LJ-14
    1.50156e+03    3.92982e+03    5.32829e+03    2.80713e+02    1.86256e+03
     Coulomb-14        LJ (SR)  Disper. corr.   Coulomb (SR)   Coul. recip.
    1.59929e+04    4.25860e+04   -3.18680e+03   -4.02924e+05    2.41257e+03
      Potential    Kinetic En.   Total Energy  Conserved En.    Temperature
   -3.32216e+05    6.11601e+04   -2.71056e+05   -2.70273e+05    3.01495e+02
 Pres. DC (bar) Pressure (bar)   Constr. rmsd
   -2.21907e+02   -3.10829e+02    3.08322e-06

           Step           Time
          17000       34.00000

   Energies (kJ/mol)
           Bond          Angle    Proper Dih. Per. Imp. Dih.          LJ-14
    1.57902e+03    4.12273e+03    5.39308e+03    2.80484e+02    1.90118e+03
     Coulomb-14        LJ (SR)  Disper. corr.   Coulomb (SR)   Coul. recip.
    1.61645e+04    4.25684e+04   -3.19144e+03   -4.02351e+05    2.40037e+03
      Potential    Kinetic En.   Total Energy  Conserved En.    Temperature
   -3.31133e+05    6.07496e+04   -2.70384e+05   -2.70121e+05    2.99471e+02
 Pres. DC (bar) Pressure (bar)   Constr. rmsd
   -2.22553e+02   -6.20844e+01    3.36327e-06

           Step           Time
          17500       35.00000

   Energies (kJ/mol)
           Bond          Angle    Proper Dih. Per. Imp. Dih.          LJ-14
    1.50017e+03    4.08661e+03    5.31849e+03    2.37367e+02    1.89103e+03
     Coulomb-14        LJ (SR)  Disper. corr.   Coulomb (SR)   Coul. recip.
    1.59769e+04    4.31597e+04   -3.19086e+03   -4.02570e+05    2.38317e+03
      Potential    Kinetic En.   Total Energy  Conserved En.    Temperature
   -3.31207e+05    6.08582e+04   -2.70349e+05   -2.70237e+05    3.00007e+02
 Pres. DC (bar) Pressure (bar)   Constr. rmsd
   -2.22472e+02    2.77363e+02    2.77564e-06

           Step           Time
          18000       36.00000

   Energies (kJ/mol)
           Bond          Angle    Proper Dih. Per. Imp. Dih.          LJ-14
    1.51237e+03    4.02703e+03    5.42345e+03    2.32431e+02    1.92630e+03
     Coulomb-14        LJ (SR)  Disper. corr.   Coulomb (SR)   Coul. recip.
    1.60692e+04    4.26943e+04   -3.18099e+03   -4.02155e+05    2.42876e+03
      Potential    Kinetic En.   Total Energy  Conserved En.    Temperature
   -3.31022e+05    6.05822e+04   -2.70440e+05   -2.70290e+05    2.98646e+02
 Pres. DC (bar) Pressure (bar)   Constr. rmsd
   -2.21101e+02    1.32075e+02    2.93894e-06

           Step           Time
          18500       37.00000

   Energies (kJ/mol)
           Bond          Angle    Proper Dih. Per. Imp. Dih.          LJ-14
    1.62297e+03    4.04004e+03    5.28189e+03    2.50171e+02    1.83739e+03
     Coulomb-14        LJ (SR)  Disper. corr.   Coulomb (SR)   Coul. recip.
    1.59363e+04    4.34596e+04   -3.18540e+03   -4.02504e+05    2.38823e+03
      Potential    Kinetic En.   Total Energy  Conserved En.    Temperature
   -3.30873e+05    6.07311e+04   -2.70142e+05   -2.70221e+05    2.99380e+02
 Pres. DC (bar) Pressure (bar)   Constr. rmsd
   -2.21713e+02    8.87747e+01    3.03600e-06

           Step           Time
          19000       38.00000

   Energies (kJ/mol)
           Bond          Angle    Proper Dih. Per. Imp. Dih.          LJ-14
    1.58117e+03    3.89441e+03    5.32669e+03    2.26388e+02    1.91933e+03
     Coulomb-14        LJ (SR)  Disper. corr.   Coulomb (SR)   Coul. recip.
    1.60718e+04    4.32101e+04   -3.18765e+03   -4.03137e+05    2.46114e+03
      Potential    Kinetic En.   Total Energy  Conserved En.    Temperature
   -3.31633e+05    6.10647e+04   -2.70569e+05   -2.70184e+05    3.01025e+02
 Pres. DC (bar) Pressure (bar)   Constr. rmsd
   -2.22026e+02    1.26494e+02    2.79966e-06

           Step           Time
          19500       39.00000

   Energies (kJ/mol)
           Bond          Angle    Proper Dih. Per. Imp. Dih.          LJ-14
    1.71485e+03    3.78238e+03    5.33862e+03    2.46906e+02    1.87797e+03
     Coulomb-14        LJ (SR)  Disper. corr.   Coulomb (SR)   Coul. recip.
    1.62002e+04    4.29084e+04   -3.17582e+03   -4.02866e+05    2.36536e+03
      Potential    Kinetic En.   Total Energy  Conserved En.    Temperature
   -3.31607e+05    6.11181e+04   -2.70489e+05   -2.70266e+05    3.01288e+02
 Pres. DC (bar) Pressure (bar)   Constr. rmsd
   -2.20382e+02    5.94883e+01    3.02891e-06

           Step           Time
          20000       40.00000

   Energies (kJ/mol)
           Bond          Angle    Proper Dih. Per. Imp. Dih.          LJ-14
    1.74000e+03    3.97925e+03    5.27547e+03    2.63550e+02    1.86403e+03
     Coulomb-14        LJ (SR)  Disper. corr.   Coulomb (SR)   Coul. recip.
    1.60456e+04    4.36571e+04   -3.17807e+03   -4.03255e+05    2.39835e+03
      Potential    Kinetic En.   Total Energy  Conserved En.    Temperature
   -3.31210e+05    6.07402e+04   -2.70470e+05   -2.70256e+05    2.99425e+02
 Pres. DC (bar) Pressure (bar)   Constr. rmsd
   -2.20695e+02    2.13439e+02    2.92917e-06

           Step           Time
          20500       41.00000

   Energies (kJ/mol)
           Bond          Angle    Proper Dih. Per. Imp. Dih.          LJ-14
    1.62659e+03    4.06885e+03    5.36207e+03    2.68873e+02    1.84696e+03
     Coulomb-14        LJ (SR)  Disper. corr.   Coulomb (SR)   Coul. recip.
    1.60038e+04    4.22538e+04   -3.17767e+03   -4.02131e+05    2.37706e+03
      Potential    Kinetic En.   Total Energy  Conserved En.    Temperature
   -3.31500e+05    6.09646e+04   -2.70536e+05   -2.70284e+05    3.00531e+02
 Pres. DC (bar) Pressure (bar)   Constr. rmsd
   -2.20640e+02   -2.81512e+02    3.23709e-06

           Step           Time
          21000       42.00000

   Energies (kJ/mol)
           Bond          Angle    Proper Dih. Per. Imp. Dih.          LJ-14
    1.55951e+03    3.99074e+03    5.36851e+03    2.67493e+02    1.84394e+03
     Coulomb-14        LJ (SR)  Disper. corr.   Coulomb (SR)   Coul. recip.
    1.60427e+04    4.26922e+04   -3.17816e+03   -4.02284e+05    2.46143e+03
      Potential    Kinetic En.   Total Energy  Conserved En.    Temperature
   -3.31236e+05    6.08974e+04   -2.70339e+05   -2.70296e+05    3.00200e+02
 Pres. DC (bar) Pressure (bar)   Constr. rmsd
   -2.20707e+02   -1.95692e+01    3.13060e-06

           Step           Time
          21500       43.00000

   Energies (kJ/mol)
           Bond          Angle    Proper Dih. Per. Imp. Dih.          LJ-14
    1.61725e+03    3.94456e+03    5.35903e+03    2.97621e+02    1.79905e+03
     Coulomb-14        LJ (SR)  Disper. corr.   Coulomb (SR)   Coul. recip.
    1.59879e+04    4.30464e+04   -3.17132e+03   -4.03121e+05    2.37232e+03
      Potential    Kinetic En.   Total Energy  Conserved En.    Temperature
   -3.31868e+05    6.10785e+04   -2.70789e+05   -2.70257e+05    3.01093e+02
 Pres. DC (bar) Pressure (bar)   Constr. rmsd
   -2.19759e+02   -1.45806e+02    3.08379e-06

           Step           Time
          22000       44.00000

   Energies (kJ/mol)
           Bond          Angle    Proper Dih. Per. Imp. Dih.          LJ-14
    1.57324e+03    3.85854e+03    5.30721e+03    2.60871e+02    1.92469e+03
     Coulomb-14        LJ (SR)  Disper. corr.   Coulomb (SR)   Coul. recip.
    1.60782e+04    4.26183e+04   -3.17563e+03   -4.02259e+05    2.34586e+03
      Potential    Kinetic En.   Total Energy  Conserved En.    Temperature
   -3.31467e+05    6.04281e+04   -2.71039e+05   -2.70244e+05    2.97886e+02
 Pres. DC (bar) Pressure (bar)   Constr. rmsd
   -2.20356e+02   -9.32058e+01    2.89210e-06

           Step           Time
          22500       45.00000

   Energies (kJ/mol)
           Bond          Angle    Proper Dih. Per. Imp. Dih.          LJ-14
    1.56145e+03    4.02044e+03    5.34775e+03    2.43803e+02    1.83586e+03
     Coulomb-14        LJ (SR)  Disper. corr.   Coulomb (SR)   Coul. recip.
    1.59550e+04    4.30769e+04   -3.17703e+03   -4.03370e+05    2.34339e+03
      Potential    Kinetic En.   Total Energy  Conserved En.    Temperature
   -3.32163e+05    6.02023e+04   -2.71961e+05   -2.70253e+05    2.96773e+02
 Pres. DC (bar) Pressure (bar)   Constr. rmsd
   -2.20551e+02   -1.11362e+02    3.54596e-06

           Step           Time
          23000       46.00000

   Energies (kJ/mol)
           Bond          Angle    Proper Dih. Per. Imp. Dih.          LJ-14
    1.44925e+03    4.01975e+03    5.36682e+03    2.75503e+02    1.84311e+03
     Coulomb-14        LJ (SR)  Disper. corr.   Coulomb (SR)   Coul. recip.
    1.59890e+04    4.30347e+04   -3.16963e+03   -4.03234e+05    2.38774e+03
      Potential    Kinetic En.   Total Energy  Conserved En.    Temperature
   -3.32038e+05    6.06065e+04   -2.71431e+05   -2.70281e+05    2.98766e+02
 Pres. DC (bar) Pressure (bar)   Constr. rmsd
   -2.19526e+02   -2.75622e+01    3.06489e-06

           Step           Time
          23500       47.00000

   Energies (kJ/mol)
           Bond          Angle    Proper Dih. Per. Imp. Dih.          LJ-14
    1.62021e+03    3.85900e+03    5.35659e+03    2.79381e+02    1.87799e+03
     Coulomb-14        LJ (SR)  Disper. corr.   Coulomb (SR)   Coul. recip.
    1.61007e+04    4.34703e+04   -3.17977e+03   -4.02801e+05    2.34349e+03
      Potential    Kinetic En.   Total Energy  Conserved En.    Temperature
   -3.31073e+05    6.05484e+04   -2.70524e+05   -2.70203e+05    2.98479e+02
 Pres. DC (bar) Pressure (bar)   Constr. rmsd
   -2.20931e+02   -1.16267e+00    3.31063e-06

           Step           Time
          24000       48.00000

   Energies (kJ/mol)
           Bond          Angle    Proper Dih. Per. Imp. Dih.          LJ-14
    1.63928e+03    3.87028e+03    5.32980e+03    2.65864e+02    1.87715e+03
     Coulomb-14        LJ (SR)  Disper. corr.   Coulomb (SR)   Coul. recip.
    1.61743e+04    4.26991e+04   -3.16771e+03   -4.02538e+05    2.43418e+03
      Potential    Kinetic En.   Total Energy  Conserved En.    Temperature
   -3.31416e+05    6.09625e+04   -2.70453e+05   -2.70279e+05    3.00520e+02
 Pres. DC (bar) Pressure (bar)   Constr. rmsd
   -2.19260e+02   -1.80641e+02    3.80785e-06

Writing checkpoint, step 24050 at Fri Oct  2 13:31:16 2026


           Step           Time
          24500       49.00000

   Energies (kJ/mol)
           Bond          Angle    Proper Dih. Per. Imp. Dih.          LJ-14
    1.58751e+03    3.97674e+03    5.41502e+03    2.98025e+02    1.92776e+03
     Coulomb-14        LJ (SR)  Disper. corr.   Coulomb (SR)   Coul. recip.
    1.60238e+04    4.13173e+04   -3.16427e+03   -4.00314e+05    2.45858e+03
      Potential    Kinetic En.   Total Energy  Conserved En.    Temperature
   -3.30473e+05    6.09330e+04   -2.69540e+05   -2.70344e+05    3.00375e+02
 Pres. DC (bar) Pressure (bar)   Constr. rmsd
   -2.18784e+02   -2.57861e+02    2.94721e-06

           Step           Time
          25000       50.00000

   Energies (kJ/mol)
           Bond          Angle    Proper Dih. Per. Imp. Dih.          LJ-14
    1.56659e+03    3.97046e+03    5.39055e+03    2.57321e+02    1.88552e+03
     Coulomb-14        LJ (SR)  Disper. corr.   Coulomb (SR)   Coul. recip.
    1.62188e+04    4.21888e+04   -3.17081e+03   -4.01420e+05    2.40523e+03
      Potential    Kinetic En.   Total Energy  Conserved En.    Temperature
   -3.30707e+05    6.13607e+04   -2.69346e+05   -2.70236e+05    3.02484e+02
 Pres. DC (bar) Pressure (bar)   Constr. rmsd
   -2.19689e+02    1.85462e+01    2.81860e-06

           Step           Time
          25500       51.00000

   Energies (kJ/mol)
           Bond          Angle    Proper Dih. Per. Imp. Dih.          LJ-14
    1.49483e+03    3.98753e+03    5.33477e+03    2.73968e+02    1.80964e+03
     Coulomb-14        LJ (SR)  Disper. corr.   Coulomb (SR)   Coul. recip.
    1.61192e+04    4.29945e+04   -3.17240e+03   -4.02330e+05    2.44097e+03
      Potential    Kinetic En.   Total Energy  Conserved En.    Temperature
   -3.31047e+05    6.15824e+04   -2.69465e+05   -2.70178e+05    3.03576e+02
 Pres. DC (bar) Pressure (bar)   Constr. rmsd
   -2.19910e+02   -6.18636e+01    3.32987e-06

           Step           Time
          26000       52.00000

   Energies (kJ/mol)
           Bond          Angle    Proper Dih. Per. Imp. Dih.          LJ-14
    1.46674e+03    4.05345e+03    5.21661e+03    2.78646e+02    1.85340e+03
     Coulomb-14        LJ (SR)  Disper. corr.   Coulomb (SR)   Coul. recip.
    1.61369e+04    4.32811e+04   -3.16648e+03   -4.01973e+05    2.45960e+03
      Potential    Kinetic En.   Total Energy  Conserved En.    Temperature
   -3.30393e+05    6.15498e+04   -2.68843e+05   -2.70264e+05    3.03416e+02
 Pres. DC (bar) Pressure (bar)   Constr. rmsd
   -2.19090e+02   -5.13268e+01    3.26044e-06

           Step           Time
          26500       53.00000

   Energies (kJ/mol)
           Bond          Angle    Proper Dih. Per. Imp. Dih.          LJ-14
    1.61747e+03    3.89018e+03    5.38485e+03    2.55416e+02    1.92108e+03
     Coulomb-14        LJ (SR)  Disper. corr.   Coulomb (SR)   Coul. recip.
    1.61565e+04    4.23683e+04   -3.17079e+03   -4.00739e+05    2.44685e+03
      Potential    Kinetic En.   Total Energy  Conserved En.    Temperature
   -3.29870e+05    6.13913e+04   -2.68478e+05   -2.70171e+05    3.02635e+02
 Pres. DC (bar) Pressure (bar)   Constr. rmsd
   -2.19686e+02   -2.26856e+02    3.12931e-06

           Step           Time
          27000       54.00000

   Energies (kJ/mol)
           Bond          Angle    Proper Dih. Per. Imp. Dih.          LJ-14
    1.49671e+03    4.02444e+03    5.40515e+03    2.63735e+02    1.85125e+03
     Coulomb-14        LJ (SR)  Disper. corr.   Coulomb (SR)   Coul. recip.
    1.61857e+04    4.29460e+04   -3.17922e+03   -4.01534e+05    2.41545e+03
      Potential    Kinetic En.   Total Energy  Conserved En.    Temperature
   -3.30124e+05    6.14739e+04   -2.68650e+05   -2.70101e+05    3.03042e+02
 Pres. DC (bar) Pressure (bar)   Constr. rmsd
   -2.20854e+02   -3.07431e+01    3.37357e-06

           Step           Time
          27500       55.00000

   Energies (kJ/mol)
           Bond          Angle    Proper Dih. Per. Imp. Dih.          LJ-14
    1.53288e+03    3.91122e+03    5.47120e+03    2.57632e+02    1.87116e+03
     Coulomb-14        LJ (SR)  Disper. corr.   Coulomb (SR)   Coul. recip.
    1.60096e+04    4.29402e+04   -3.18837e+03   -4.01437e+05    2.48004e+03
      Potential    Kinetic En.   Total Energy  Conserved En.    Temperature
   -3.30151e+05    6.06723e+04   -2.69479e+05   -2.70001e+05    2.99090e+02
 Pres. DC (bar) Pressure (bar)   Constr. rmsd
   -2.22126e+02    1.84733e+02    3.04751e-06

           Step           Time
          28000       56.00000

   Energies (kJ/mol)
           Bond          Angle    Proper Dih. Per. Imp. Dih.          LJ-14
    1.61522e+03    3.98024e+03    5.40135e+03    2.85226e+02    1.93718e+03
     Coulomb-14        LJ (SR)  Disper. corr.   Coulomb (SR)   Coul. recip.
    1.62825e+04    4.23831e+04   -3.17599e+03   -4.01125e+05    2.42679e+03
      Potential    Kinetic En.   Total Energy  Conserved En.    Temperature
   -3.29990e+05    6.08252e+04   -2.69164e+05   -2.70080e+05    2.99844e+02
 Pres. DC (bar) Pressure (bar)   Constr. rmsd
   -2.20406e+02    1.56563e+00    2.89449e-06

           Step           Time
          28500       57.00000

   Energies (kJ/mol)
           Bond          Angle    Proper Dih. Per. Imp. Dih.          LJ-14
    1.65907e+03    3.95875e+03    5.38135e+03    2.47847e+02    1.83389e+03
     Coulomb-14        LJ (SR)  Disper. corr.   Coulomb (SR)   Coul. recip.
    1.59772e+04    4.22650e+04   -3.17315e+03   -4.00532e+05    2.31510e+03
      Potential    Kinetic En.   Total Energy  Conserved En.    Temperature
   -3.30067e+05    6.11079e+04   -2.68959e+05   -2.70077e+05    3.01238e+02
 Pres. DC (bar) Pressure (bar)   Constr. rmsd
   -2.20013e+02   -1.09409e+02    2.87593e-06

           Step           Time
          29000       58.00000

   Energies (kJ/mol)
           Bond          Angle    Proper Dih. Per. Imp. Dih.          LJ-14
    1.61612e+03    3.88623e+03    5.35976e+03    2.57437e+02    1.87719e+03
     Coulomb-14        LJ (SR)  Disper. corr.   Coulomb (SR)   Coul. recip.
    1.62098e+04    4.23210e+04   -3.17714e+03   -4.01872e+05    2.34445e+03
      Potential    Kinetic En.   Total Energy  Conserved En.    Temperature
   -3.31177e+05    6.18651e+04   -2.69312e+05   -2.70089e+05    3.04970e+02
 Pres. DC (bar) Pressure (bar)   Constr. rmsd
   -2.20566e+02   -8.57078e+01    2.85620e-06

           Step           Time
          29500       59.00000

   Energies (kJ/mol)
           Bond          Angle    Proper Dih. Per. Imp. Dih.          LJ-14
    1.66292e+03    3.85874e+03    5.36711e+03    2.55865e+02    1.86550e+03
     Coulomb-14        LJ (SR)  Disper. corr.   Coulomb (SR)   Coul. recip.
    1.60824e+04    4.29262e+04   -3.17796e+03   -4.02185e+05    2.40427e+03
      Potential    Kinetic En.   Total Energy  Conserved En.    Temperature
   -3.30940e+05    6.13517e+04   -2.69588e+05   -2.70007e+05    3.02439e+02
 Pres. DC (bar) Pressure (bar)   Constr. rmsd
   -2.20680e+02    1.08973e+02    2.88675e-06

           Step           Time
          30000       60.00000

   Energies (kJ/mol)
           Bond          Angle    Proper Dih. Per. Imp. Dih.          LJ-14
    1.50233e+03    4.07623e+03    5.42026e+03    2.81515e+02    1.85755e+03
     Coulomb-14        LJ (SR)  Disper. corr.   Coulomb (SR)   Coul. recip.
    1.59847e+04    4.18210e+04   -3.18099e+03   -4.00661e+05    2.28920e+03
      Potential    Kinetic En.   Total Energy  Conserved En.    Temperature
   -3.30609e+05    6.08553e+04   -2.69754e+05   -2.69949e+05    2.99992e+02
 Pres. DC (bar) Pressure (bar)   Constr. rmsd
   -2.21100e+02   -1.81862e+02    3.12398e-06

           Step           Time
          30500       61.00000

   Energies (kJ/mol)
           Bond          Angle    Proper Dih. Per. Imp. Dih.          LJ-14
    1.66789e+03    3.76165e+03    5.35941e+03    2.40633e+02    1.87049e+03
     Coulomb-14        LJ (SR)  Disper. corr.   Coulomb (SR)   Coul. recip.
    1.62244e+04    4.29152e+04   -3.18044e+03   -4.02842e+05    2.35536e+03
      Potential    Kinetic En.   Total Energy  Conserved En.    Temperature
   -3.31627e+05    6.11306e+04   -2.70497e+05   -2.69918e+05    3.01349e+02
 Pres. DC (bar) Pressure (bar)   Constr. rmsd
   -2.21024e+02   -1.54320e+02    3.54938e-06

           Step           Time
          31000       62.00000

   Energies (kJ/mol)
           Bond          Angle    Proper Dih. Per. Imp. Dih.          LJ-14
    1.52264e+03    3.84877e+03    5.38903e+03    2.36790e+02    1.90974e+03
     Coulomb-14        LJ (SR)  Disper. corr.   Coulomb (SR)   Coul. recip.
    1.61248e+04    4.29275e+04   -3.17906e+03   -4.02486e+05    2.43783e+03
      Potential    Kinetic En.   Total Energy  Conserved En.    Temperature
   -3.31268e+05    6.10747e+04   -2.70193e+05   -2.70012e+05    3.01074e+02
 Pres. DC (bar) Pressure (bar)   Constr. rmsd
   -2.20832e+02    1.36528e+02    3.16616e-06

           Step           Time
          31500       63.00000

   Energies (kJ/mol)
           Bond          Angle    Proper Dih. Per. Imp. Dih.          LJ-14
    1.66076e+03    3.77617e+03    5.39575e+03    2.72522e+02    1.84946e+03
     Coulomb-14        LJ (SR)  Disper. corr.   Coulomb (SR)   Coul. recip.
    1.59745e+04    4.30943e+04   -3.18402e+03   -4.02253e+05    2.30671e+03
      Potential    Kinetic En.   Total Energy  Conserved En.    Temperature
   -3.31107e+05    6.07705e+04   -2.70336e+05   -2.69916e+05    2.99574e+02
 Pres. DC (bar) Pressure (bar)   Constr. rmsd
   -2.21521e+02   -5.82946e+01    2.76101e-06

           Step           Time
          32000       64.00000

   Energies (kJ/mol)
           Bond          Angle    Proper Dih. Per. Imp. Dih.          LJ-14
    1.53807e+03    3.95880e+03    5.32213e+03    2.63378e+02    1.83070e+03
     Coulomb-14        LJ (SR)  Disper. corr.   Coulomb (SR)   Coul. recip.
    1.59147e+04    4.35276e+04   -3.17759e+03   -4.02624e+05    2.44883e+03
      Potential    Kinetic En.   Total Energy  Conserved En.    Temperature
   -3.30997e+05    6.07594e+04   -2.70238e+05   -2.69970e+05    2.99519e+02
 Pres. DC (bar) Pressure (bar)   Constr. rmsd
   -2.20628e+02    1.83671e+02    3.13757e-06

           Step           Time
          32500       65.00000

   Energies (kJ/mol)
           Bond          Angle    Proper Dih. Per. Imp. Dih.          LJ-14
    1.54012e+03    3.98042e+03    5.31728e+03    2.52013e+02    1.92031e+03
     Coulomb-14        LJ (SR)  Disper. corr.   Coulomb (SR)   Coul. recip.
    1.60421e+04    4.24267e+04   -3.17766e+03   -4.01455e+05    2.33849e+03
      Potential    Kinetic En.   Total Energy  Conserved En.    Temperature
   -3.30815e+05    5.99267e+04   -2.70889e+05   -2.69933e+05    2.95414e+02
 Pres. DC (bar) Pressure (bar)   Constr. rmsd
   -2.20638e+02   -1.10677e+02    2.95971e-06

           Step           Time
          33000       66.00000

   Energies (kJ/mol)
           Bond          Angle    Proper Dih. Per. Imp. Dih.          LJ-14
    1.44654e+03    3.97911e+03    5.33140e+03    2.33719e+02    1.87152e+03
     Coulomb-14        LJ (SR)  Disper. corr.   Coulomb (SR)   Coul. recip.
    1.59730e+04    4.26119e+04   -3.17756e+03   -4.01809e+05    2.40547e+03
      Potential    Kinetic En.   Total Energy  Conserved En.    Temperature
   -3.31134e+05    5.99841e+04   -2.71150e+05   -2.69937e+05    2.95698e+02
 Pres. DC (bar) Pressure (bar)   Constr. rmsd
   -2.20624e+02    1.02299e+01    2.75357e-06

           Step           Time
          33500       67.00000

   Energies (kJ/mol)
           Bond          Angle    Proper Dih. Per. Imp. Dih.          LJ-14
    1.56357e+03    3.77191e+03    5.31417e+03    2.80828e+02    1.89109e+03
     Coulomb-14        LJ (SR)  Disper. corr.   Coulomb (SR)   Coul. recip.
    1.61177e+04    4.30373e+04   -3.17585e+03   -4.03479e+05    2.38943e+03
      Potential    Kinetic En.   Total Energy  Conserved En.    Temperature
   -3.32289e+05    6.08724e+04   -2.71417e+05   -2.69989e+05    3.00077e+02
 Pres. DC (bar) Pressure (bar)   Constr. rmsd
   -2.20387e+02   -1.07286e+02    2.94253e-06

           Step           Time
          34000       68.00000

   Energies (kJ/mol)
           Bond          Angle    Proper Dih. Per. Imp. Dih.          LJ-14
    1.73082e+03    3.85451e+03    5.35901e+03    2.73269e+02    1.87811e+03
     Coulomb-14        LJ (SR)  Disper. corr.   Coulomb (SR)   Coul. recip.
    1.59155e+04    4.20934e+04   -3.18162e+03   -4.01789e+05    2.43470e+03
      Potential    Kinetic En.   Total Energy  Conserved En.    Temperature
   -3.31431e+05    6.10802e+04   -2.70351e+05   -2.69787e+05    3.01101e+02
 Pres. DC (bar) Pressure (bar)   Constr. rmsd
   -2.21187e+02   -1.79721e+02    2.62028e-06

           Step           Time
          34500       69.00000

   Energies (kJ/mol)
           Bond          Angle    Proper Dih. Per. Imp. Dih.          LJ-14
    1.69778e+03    3.88444e+03    5.52445e+03    2.71735e+02    1.81456e+03
     Coulomb-14        LJ (SR)  Disper. corr.   Coulomb (SR)   Coul. recip.
    1.60572e+04    4.23556e+04   -3.18879e+03   -4.02724e+05    2.30166e+03
      Potential    Kinetic En.   Total Energy  Conserved En.    Temperature
   -3.32005e+05    6.11265e+04   -2.70878e+05   -2.69770e+05    3.01329e+02
 Pres. DC (bar) Pressure (bar)   Constr. rmsd
   -2.22184e+02   -3.50274e+02    3.05453e-06

           Step           Time
          35000       70.00000

   Energies (kJ/mol)
           Bond          Angle    Proper Dih. Per. Imp. Dih.          LJ-14
    1.56058e+03    3.96394e+03    5.36642e+03    2.72766e+02    1.88587e+03
     Coulomb-14        LJ (SR)  Disper. corr.   Coulomb (SR)   Coul. recip.
    1.60776e+04    4.36104e+04   -3.18813e+03   -4.03590e+05    2.29320e+03
      Potential    Kinetic En.   Total Energy  Conserved En.    Temperature
   -3.31747e+05    6.07072e+04   -2.71040e+05   -2.69785e+05    2.99262e+02
 Pres. DC (bar) Pressure (bar)   Constr. rmsd
   -2.22093e+02    2.06781e+02    3.15235e-06

           Step           Time
          35500       71.00000

   Energies (kJ/mol)
           Bond          Angle    Proper Dih. Per. Imp. Dih.          LJ-14
    1.62324e+03    3.95589e+03    5.38707e+03    2.80625e+02    1.82400e+03
     Coulomb-14        LJ (SR)  Disper. corr.   Coulomb (SR)   Coul. recip.
    1.60994e+04    4.29754e+04   -3.19003e+03   -4.03453e+05    2.33881e+03
      Potential    Kinetic En.   Total Energy  Conserved En.    Temperature
   -3.32158e+05    6.05451e+04   -2.71613e+05   -2.69757e+05    2.98463e+02
 Pres. DC (bar) Pressure (bar)   Constr. rmsd
   -2.22356e+02   -4.13557e+01    3.16110e-06

           Step           Time
          36000       72.00000

   Energies (kJ/mol)
           Bond          Angle    Proper Dih. Per. Imp. Dih.          LJ-14
    1.41727e+03    3.97650e+03    5.37146e+03    2.68008e+02    1.86602e+03
     Coulomb-14        LJ (SR)  Disper. corr.   Coulomb (SR)   Coul. recip.
    1.60874e+04    4.32347e+04   -3.18834e+03   -4.03416e+05    2.43428e+03
      Potential    Kinetic En.   Total Energy  Conserved En.    Temperature
   -3.31949e+05    6.15860e+04   -2.70363e+05   -2.69781e+05    3.03594e+02
 Pres. DC (bar) Pressure (bar)   Constr. rmsd
   -2.22122e+02    1.98915e+02    3.79019e-06

           Step           Time
          36500       73.00000

   Energies (kJ/mol)
           Bond          Angle    Proper Dih. Per. Imp. Dih.          LJ-14
    1.52143e+03    3.91024e+03    5.37958e+03    2.58408e+02    1.89836e+03
     Coulomb-14        LJ (SR)  Disper. corr.   Coulomb (SR)   Coul. recip.
    1.62235e+04    4.25628e+04   -3.17525e+03   -4.01791e+05    2.40019e+03
      Potential    Kinetic En.   Total Energy  Conserved En.    Temperature
   -3.30811e+05    6.04446e+04   -2.70367e+05   -2.69898e+05    2.97968e+02
 Pres. DC (bar) Pressure (bar)   Constr. rmsd
   -2.20303e+02   -3.61904e+01    3.38870e-06

           Step           Time
          37000       74.00000

   Energies (kJ/mol)
           Bond          Angle    Proper Dih. Per. Imp. Dih.          LJ-14
    1.54736e+03    3.88939e+03    5.36224e+03    2.63436e+02    1.87198e+03
     Coulomb-14        LJ (SR)  Disper. corr.   Coulomb (SR)   Coul. recip.
    1.61736e+04    4.24860e+04   -3.18038e+03   -4.01802e+05    2.34997e+03
      Potential    Kinetic En.   Total Energy  Conserved En.    Temperature
   -3.31039e+05    6.02387e+04   -2.70800e+05   -2.69888e+05    2.96953e+02
 Pres. DC (bar) Pressure (bar)   Constr. rmsd
   -2.21015e+02    2.58546e+01    2.95318e-06

           Step           Time
          37500       75.00000

   Energies (kJ/mol)
           Bond          Angle    Proper Dih. Per. Imp. Dih.          LJ-14
    1.67318e+03    4.08234e+03    5.36996e+03    2.26281e+02    1.88420e+03
     Coulomb-14        LJ (SR)  Disper. corr.   Coulomb (SR)   Coul. recip.
    1.60796e+04    4.20325e+04   -3.17757e+03   -4.01173e+05    2.33097e+03
      Potential    Kinetic En.   Total Energy  Conserved En.    Temperature
   -3.30672e+05    6.04987e+04   -2.70173e+05   -2.69840e+05    2.98234e+02
 Pres. DC (bar) Pressure (bar)   Constr. rmsd
   -2.20626e+02   -1.62613e+02    2.86724e-06

           Step           Time
          38000       76.00000

   Energies (kJ/mol)
           Bond          Angle    Proper Dih. Per. Imp. Dih.          LJ-14
    1.63691e+03    3.77735e+03    5.38304e+03    2.82705e+02    1.86457e+03
     Coulomb-14        LJ (SR)  Disper. corr.   Coulomb (SR)   Coul. recip.
    1.59661e+04    4.37461e+04   -3.18134e+03   -4.03232e+05    2.40244e+03
      Potential    Kinetic En.   Total Energy  Conserved En.    Temperature
   -3.31354e+05    6.03109e+04   -2.71043e+05   -2.69766e+05    2.97309e+02
 Pres. DC (bar) Pressure (bar)   Constr. rmsd
   -2.21148e+02    2.62599e+02    2.85679e-06

           Step           Time
          38500       77.00000

   Energies (kJ/mol)
           Bond          Angle    Proper Dih. Per. Imp. Dih.          LJ-14
    1.63011e+03    3.72185e+03    5.31334e+03    2.63774e+02    1.88215e+03
     Coulomb-14        LJ (SR)  Disper. corr.   Coulomb (SR)   Coul. recip.
    1.61281e+04    4.20222e+04   -3.17781e+03   -4.01990e+05    2.47778e+03
      Potential    Kinetic En.   Total Energy  Conserved En.    Temperature
   -3.31729e+05    6.07899e+04   -2.70939e+05   -2.69814e+05    2.99670e+02
 Pres. DC (bar) Pressure (bar)   Constr. rmsd
   -2.20658e+02   -3.38213e+02    3.31895e-06

           Step           Time
          39000       78.00000

   Energies (kJ/mol)
           Bond          Angle    Proper Dih. Per. Imp. Dih.          LJ-14
    1.41027e+03    3.89518e+03    5.31956e+03    2.23915e+02    1.89547e+03
     Coulomb-14        LJ (SR)  Disper. corr.   Coulomb (SR)   Coul. recip.
    1.62075e+04    4.40904e+04   -3.18760e+03   -4.05037e+05    2.31328e+03
      Potential    Kinetic En.   Total Energy  Conserved En.    Temperature
   -3.32869e+05    6.15223e+04   -2.71346e+05   -2.69733e+05    3.03280e+02
 Pres. DC (bar) Pressure (bar)   Constr. rmsd
   -2.22019e+02    3.97219e+02    3.08273e-06

           Step           Time
          39500       79.00000

   Energies (kJ/mol)
           Bond          Angle    Proper Dih. Per. Imp. Dih.          LJ-14
    1.51456e+03    3.96050e+03    5.47456e+03    2.47533e+02    1.87852e+03
     Coulomb-14        LJ (SR)  Disper. corr.   Coulomb (SR)   Coul. recip.
    1.60543e+04    4.26149e+04   -3.19004e+03   -4.02275e+05    2.32192e+03
      Potential    Kinetic En.   Total Energy  Conserved En.    Temperature
   -3.31398e+05    5.98205e+04   -2.71578e+05   -2.69653e+05    2.94891e+02
 Pres. DC (bar) Pressure (bar)   Constr. rmsd
   -2.22359e+02    4.03763e+01    2.89491e-06

           Step           Time
          40000       80.00000

   Energies (kJ/mol)
           Bond          Angle    Proper Dih. Per. Imp. Dih.          LJ-14
    1.63273e+03    3.93892e+03    5.31278e+03    2.41742e+02    1.83167e+03
     Coulomb-14        LJ (SR)  Disper. corr.   Coulomb (SR)   Coul. recip.
    1.59761e+04    4.22802e+04   -3.18484e+03   -4.02550e+05    2.38185e+03
      Potential    Kinetic En.   Total Energy  Conserved En.    Temperature
   -3.32139e+05    6.13302e+04   -2.70809e+05   -2.69660e+05    3.02333e+02
 Pres. DC (bar) Pressure (bar)   Constr. rmsd
   -2.21635e+02   -1.78029e+02    2.98886e-06

           Step           Time
          40500       81.00000

   Energies (kJ/mol)
           Bond          Angle    Proper Dih. Per. Imp. Dih.          LJ-14
    1.66534e+03    3.85367e+03    5.31361e+03    2.74571e+02    1.85106e+03
     Coulomb-14        LJ (SR)  Disper. corr.   Coulomb (SR)   Coul. recip.
    1.61236e+04    4.33450e+04   -3.18528e+03   -4.03665e+05    2.40471e+03
      Potential    Kinetic En.   Total Energy  Conserved En.    Temperature
   -3.32019e+05    6.07409e+04   -2.71278e+05   -2.69599e+05    2.99428e+02
 Pres. DC (bar) Pressure (bar)   Constr. rmsd
   -2.21697e+02   -2.67055e+01    2.75129e-06

           Step           Time
          41000       82.00000

   Energies (kJ/mol)
           Bond          Angle    Proper Dih. Per. Imp. Dih.          LJ-14
    1.54791e+03    4.02547e+03    5.26651e+03    2.75673e+02    1.85520e+03
     Coulomb-14        LJ (SR)  Disper. corr.   Coulomb (SR)   Coul. recip.
    1.58916e+04    4.34630e+04   -3.18703e+03   -4.02555e+05    2.37033e+03
      Potential    Kinetic En.   Total Energy  Conserved En.    Temperature
   -3.31047e+05    6.08670e+04   -2.70180e+05   -2.69651e+05    3.00050e+02
 Pres. DC (bar) Pressure (bar)   Constr. rmsd
   -2.21939e+02    1.89785e+02    3.43932e-06

           Step           Time
          41500       83.00000

   Energies (kJ/mol)
           Bond          Angle    Proper Dih. Per. Imp. Dih.          LJ-14
    1.58219e+03    4.03751e+03    5.37224e+03    2.98152e+02    1.95738e+03
     Coulomb-14        LJ (SR)  Disper. corr.   Coulomb (SR)   Coul. recip.
    1.61554e+04    4.21712e+04   -3.18492e+03   -4.01023e+05    2.45084e+03
      Potential    Kinetic En.   Total Energy  Conserved En.    Temperature
   -3.30183e+05    6.11190e+04   -2.69064e+05   -2.69630e+05    3.01292e+02
 Pres. DC (bar) Pressure (bar)   Constr. rmsd
   -2.21646e+02    1.73369e+02    3.40529e-06

           Step           Time
          42000       84.00000

   Energies (kJ/mol)
           Bond          Angle    Proper Dih. Per. Imp. Dih.          LJ-14
    1.73512e+03    3.83854e+03    5.26906e+03    2.48252e+02    1.85470e+03
     Coulomb-14        LJ (SR)  Disper. corr.   Coulomb (SR)   Coul. recip.
    1.61686e+04    4.20973e+04   -3.17762e+03   -4.01465e+05    2.38882e+03
      Potential    Kinetic En.   Total Energy  Conserved En.    Temperature
   -3.31042e+05    6.09218e+04   -2.70120e+05   -2.69706e+05    3.00320e+02
 Pres. DC (bar) Pressure (bar)   Constr. rmsd
   -2.20633e+02   -2.34761e+02    3.18275e-06

           Step           Time
          42500       85.00000

   Energies (kJ/mol)
           Bond          Angle    Proper Dih. Per. Imp. Dih.          LJ-14
    1.63852e+03    3.97127e+03    5.33035e+03    2.67770e+02    1.79942e+03
     Coulomb-14        LJ (SR)  Disper. corr.   Coulomb (SR)   Coul. recip.
    1.60681e+04    4.22552e+04   -3.17786e+03   -4.01374e+05    2.37023e+03
      Potential    Kinetic En.   Total Energy  Conserved En.    Temperature
   -3.30851e+05    6.12555e+04   -2.69595e+05   -2.69701e+05    3.01965e+02
 Pres. DC (bar) Pressure (bar)   Constr. rmsd
   -2.20665e+02   -3.10741e+02    3.16429e-06

           Step           Time
          43000       86.00000

   Energies (kJ/mol)
           Bond          Angle    Proper Dih. Per. Imp. Dih.          LJ-14
    1.68745e+03    4.04008e+03    5.29716e+03    2.63183e+02    1.79225e+03
     Coulomb-14        LJ (SR)  Disper. corr.   Coulomb (SR)   Coul. recip.
    1.60188e+04    4.28513e+04   -3.17192e+03   -4.01722e+05    2.35557e+03
      Potential    Kinetic En.   Total Energy  Conserved En.    Temperature
   -3.30588e+05    6.17459e+04   -2.68842e+05   -2.69815e+05    3.04382e+02
 Pres. DC (bar) Pressure (bar)   Constr. rmsd
   -2.19843e+02   -7.72844e+01    3.14079e-06

           Step           Time
          43500       87.00000

   Energies (kJ/mol)
           Bond          Angle    Proper Dih. Per. Imp. Dih.          LJ-14
    1.60641e+03    3.89550e+03    5.33185e+03    2.78322e+02    1.95759e+03
     Coulomb-14        LJ (SR)  Disper. corr.   Coulomb (SR)   Coul. recip.
    1.60970e+04    4.25861e+04   -3.17394e+03   -4.01090e+05    2.34262e+03
      Potential    Kinetic En.   Total Energy  Conserved En.    Temperature
   -3.30168e+05    6.08712e+04   -2.69297e+05   -2.69782e+05    3.00070e+02
 Pres. DC (bar) Pressure (bar)   Constr. rmsd
   -2.20123e+02    1.35324e+02    3.02644e-06

           Step           Time
          44000       88.00000

   Energies (kJ/mol)
           Bond          Angle    Proper Dih. Per. Imp. Dih.          LJ-14
    1.49492e+03    4.01308e+03    5.30695e+03    2.81430e+02    1.87697e+03
     Coulomb-14        LJ (SR)  Disper. corr.   Coulomb (SR)   Coul. recip.
    1.60871e+04    4.36254e+04   -3.17381e+03   -4.02602e+05    2.51545e+03
      Potential    Kinetic En.   Total Energy  Conserved En.    Temperature
   -3.30575e+05    6.09356e+04   -2.69639e+05   -2.69727e+05    3.00388e+02
 Pres. DC (bar) Pressure (bar)   Constr. rmsd
   -2.20104e+02    1.40113e+02    3.26147e-06

           Step           Time
          44500       89.00000

   Energies (kJ/mol)
           Bond          Angle    Proper Dih. Per. Imp. Dih.          LJ-14
    1.61978e+03    3.90455e+03    5.27318e+03    2.36503e+02    1.90729e+03
     Coulomb-14        LJ (SR)  Disper. corr.   Coulomb (SR)   Coul. recip.
    1.62691e+04    4.19328e+04   -3.17905e+03   -4.01297e+05    2.44866e+03
      Potential    Kinetic En.   Total Energy  Conserved En.    Temperature
   -3.30884e+05    6.07890e+04   -2.70096e+05   -2.69665e+05    2.99665e+02
 Pres. DC (bar) Pressure (bar)   Constr. rmsd
   -2.20830e+02   -1.40990e+02    2.99110e-06

           Step           Time
          45000       90.00000

   Energies (kJ/mol)
           Bond          Angle    Proper Dih. Per. Imp. Dih.          LJ-14
    1.46186e+03    3.88757e+03    5.34411e+03    2.40596e+02    1.85797e+03
     Coulomb-14        LJ (SR)  Disper. corr.   Coulomb (SR)   Coul. recip.
    1.62189e+04    4.29500e+04   -3.17551e+03   -4.02469e+05    2.33005e+03
      Potential    Kinetic En.   Total Energy  Conserved En.    Temperature
   -3.31354e+05    6.11025e+04   -2.70251e+05   -2.69714e+05    3.01211e+02
 Pres. DC (bar) Pressure (bar)   Constr. rmsd
   -2.20340e+02    4.15528e+01    3.00291e-06

           Step           Time
          45500       91.00000

   Energies (kJ/mol)
           Bond          Angle    Proper Dih. Per. Imp. Dih.          LJ-14
    1.53146e+03    3.85150e+03    5.45504e+03    2.37807e+02    1.89807e+03
     Coulomb-14        LJ (SR)  Disper. corr.   Coulomb (SR)   Coul. recip.
    1.61584e+04    4.22212e+04   -3.17074e+03   -4.01706e+05    2.31765e+03
      Potential    Kinetic En.   Total Energy  Conserved En.    Temperature
   -3.31206e+05    6.08526e+04   -2.70353e+05   -2.69765e+05    2.99979e+02
 Pres. DC (bar) Pressure (bar)   Constr. rmsd
   -2.19679e+02   -5.58168e+01    2.86618e-06

           Step           Time
          46000       92.00000

   Energies (kJ/mol)
           Bond          Angle    Proper Dih. Per. Imp. Dih.          LJ-14
    1.67093e+03    3.94872e+03    5.30394e+03    2.38475e+02    1.82569e+03
     Coulomb-14        LJ (SR)  Disper. corr.   Coulomb (SR)   Coul. recip.
    1.60451e+04    4.35415e+04   -3.17338e+03   -4.03233e+05    2.38428e+03
      Potential    Kinetic En.   Total Energy  Conserved En.    Temperature
   -3.31448e+05    6.03444e+04   -2.71103e+05   -2.69632e+05    2.97474e+02
 Pres. DC (bar) Pressure (bar)   Constr. rmsd
   -2.20045e+02   -1.13872e+02    2.78992e-06

           Step           Time
          46500       93.00000

   Energies (kJ/mol)
           Bond          Angle    Proper Dih. Per. Imp. Dih.          LJ-14
    1.55198e+03    3.94690e+03    5.35717e+03    2.85989e+02    1.89403e+03
     Coulomb-14        LJ (SR)  Disper. corr.   Coulomb (SR)   Coul. recip.
    1.60677e+04    4.35362e+04   -3.17459e+03   -4.03025e+05    2.39764e+03
      Potential    Kinetic En.   Total Energy  Conserved En.    Temperature
   -3.31162e+05    6.11748e+04   -2.69987e+05   -2.69619e+05    3.01567e+02
 Pres. DC (bar) Pressure (bar)   Constr. rmsd
   -2.20212e+02    1.98880e+02    2.73341e-06

           Step           Time
          47000       94.00000

   Energies (kJ/mol)
           Bond          Angle    Proper Dih. Per. Imp. Dih.          LJ-14
    1.65481e+03    3.95361e+03    5.26499e+03    2.48365e+02    1.90389e+03
     Coulomb-14        LJ (SR)  Disper. corr.   Coulomb (SR)   Coul. recip.
    1.61433e+04    4.21736e+04   -3.18079e+03   -4.02141e+05    2.42332e+03
      Potential    Kinetic En.   Total Energy  Conserved En.    Temperature
   -3.31556e+05    6.07324e+04   -2.70824e+05   -2.69494e+05    2.99386e+02
 Pres. DC (bar) Pressure (bar)   Constr. rmsd
   -2.21072e+02   -2.05634e+02    3.15291e-06

           Step           Time
          47500       95.00000

   Energies (kJ/mol)
           Bond          Angle    Proper Dih. Per. Imp. Dih.          LJ-14
    1.52561e+03    3.97900e+03    5.34923e+03    2.73249e+02    1.88292e+03
     Coulomb-14        LJ (SR)  Disper. corr.   Coulomb (SR)   Coul. recip.
    1.61621e+04    4.29373e+04   -3.19487e+03   -4.02344e+05    2.39173e+03
      Potential    Kinetic En.   Total Energy  Conserved En.    Temperature
   -3.31038e+05    6.02108e+04   -2.70827e+05   -2.69337e+05    2.96815e+02
 Pres. DC (bar) Pressure (bar)   Constr. rmsd
   -2.23032e+02    1.05475e+02    3.00183e-06

Writing checkpoint, step 47850 at Fri Oct  2 13:46:16 2026


           Step           Time
          48000       96.00000

   Energies (kJ/mol)
           Bond          Angle    Proper Dih. Per. Imp. Dih.          LJ-14
    1.45405e+03    3.92112e+03    5.31421e+03    2.91730e+02    1.86357e+03
     Coulomb-14        LJ (SR)  Disper. corr.   Coulomb (SR)   Coul. recip.
    1.61224e+04    4.21209e+04   -3.19330e+03   -4.01438e+05    2.36332e+03
      Potential    Kinetic En.   Total Energy  Conserved En.    Temperature
   -3.31180e+05    5.99736e+04   -2.71206e+05   -2.69397e+05    2.95646e+02
 Pres. DC (bar) Pressure (bar)   Constr. rmsd
   -2.22813e+02   -4.67460e+01    3.05022e-06

           Step           Time
          48500       97.00000

   Energies (kJ/mol)
           Bond          Angle    Proper Dih. Per. Imp. Dih.          LJ-14
    1.59760e+03    3.95787e+03    5.30213e+03    2.85419e+02    1.91619e+03
     Coulomb-14        LJ (SR)  Disper. corr.   Coulomb (SR)   Coul. recip.
    1.61033e+04    4.30177e+04   -3.19669e+03   -4.02604e+05    2.37841e+03
      Potential    Kinetic En.   Total Energy  Conserved En.    Temperature
   -3.31242e+05    6.09345e+04   -2.70308e+05   -2.69326e+05    3.00383e+02
 Pres. DC (bar) Pressure (bar)   Constr. rmsd
   -2.23285e+02    1.42048e+02    3.11958e-06

           Step           Time
          49000       98.00000

   Energies (kJ/mol)
           Bond          Angle    Proper Dih. Per. Imp. Dih.          LJ-14
    1.59809e+03    3.99448e+03    5.36961e+03    2.16844e+02    1.82891e+03
     Coulomb-14        LJ (SR)  Disper. corr.   Coulomb (SR)   Coul. recip.
    1.60060e+04    4.28329e+04   -3.19070e+03   -4.01786e+05    2.40273e+03
      Potential    Kinetic En.   Total Energy  Conserved En.    Temperature
   -3.30727e+05    6.14146e+04   -2.69312e+05   -2.69409e+05    3.02749e+02
 Pres. DC (bar) Pressure (bar)   Constr. rmsd
   -2.22450e+02    2.17093e+02    3.37820e-06

           Step           Time
          49500       99.00000

   Energies (kJ/mol)
           Bond          Angle    Proper Dih. Per. Imp. Dih.          LJ-14
    1.63263e+03    3.87756e+03    5.36250e+03    2.85717e+02    1.90541e+03
     Coulomb-14        LJ (SR)  Disper. corr.   Coulomb (SR)   Coul. recip.
    1.61868e+04    4.23876e+04   -3.18718e+03   -4.01283e+05    2.44456e+03
      Potential    Kinetic En.   Total Energy  Conserved En.    Temperature
   -3.30387e+05    6.06895e+04   -2.69698e+05   -2.69416e+05    2.99175e+02
 Pres. DC (bar) Pressure (bar)   Constr. rmsd
   -2.21961e+02    2.57371e+01    3.25704e-06

           Step           Time
          50000      100.00000

Writing checkpoint, step 50000 at Fri Oct  2 13:47:36 2026


   Energies (kJ/mol)
           Bond          Angle    Proper Dih. Per. Imp. Dih.          LJ-14
    1.65630e+03    3.82071e+03    5.43275e+03    2.65281e+02    1.79728e+03
     Coulomb-14        LJ (SR)  Disper. corr.   Coulomb (SR)   Coul. recip.
    1.61997e+04    4.22791e+04   -3.19425e+03   -4.01412e+05    2.37633e+03
      Potential    Kinetic En.   Total Energy  Conserved En.    Temperature
   -3.30779e+05    6.11216e+04   -2.69657e+05   -2.69300e+05    3.01305e+02
 Pres. DC (bar) Pressure (bar)   Constr. rmsd
   -2.22945e+02   -1.11091e+02    2.95826e-06


Energy conservation over simulation part #1 of length 100 ps, time 0 to 100 ps
  Conserved energy drift: 5.61e-04 kJ/mol/ps per atom


	<======  ###############  ==>
	<====  A V E R A G E S  ====>
	<==  ###############  ======>

	Statistics over 50001 steps using 501 frames

   Energies (kJ/mol)
           Bond          Angle    Proper Dih. Per. Imp. Dih.          LJ-14
    1.59013e+03    3.92004e+03    5.36764e+03    2.64326e+02    1.87270e+03
     Coulomb-14        LJ (SR)  Disper. corr.   Coulomb (SR)   Coul. recip.
    1.61088e+04    4.28424e+04   -3.18091e+03   -4.02299e+05    2.38724e+03
      Potential    Kinetic En.   Total Energy  Conserved En.    Temperature
   -3.31127e+05    6.08352e+04   -2.70292e+05   -2.70100e+05    2.99893e+02
 Pres. DC (bar) Pressure (bar)   Constr. rmsd
   -2.21090e+02    3.42093e+00    0.00000e+00

          Box-X          Box-Y          Box-Z
    6.96771e+00    6.96771e+00    4.92691e+00

   Total Virial (kJ/mol)
    2.03064e+04   -3.12714e+01    5.79275e+01
   -3.08309e+01    2.01826e+04    4.47084e+01
    5.82901e+01    4.46372e+01    2.02755e+04

   Pressure (bar)
   -1.60811e+00    2.79768e+00   -7.76999e+00
    2.73653e+00    1.44702e+01   -7.37895e+00
   -7.82036e+00   -7.36909e+00   -2.59931e+00

      T-Protein  T-non-Protein
    3.00220e+02    2.99857e+02


	M E G A - F L O P S   A C C O U N T I N G

 NB=Group-cutoff nonbonded kernels    NxN=N-by-N cluster Verlet kernels
 RF=Reaction-Field  VdW=Van der Waals  QSTab=quadratic-spline table
 W3=SPC/TIP3p  W4=TIP4p (single or pairs)
 V&F=Potential and force  V=Potential only  F=Force only

 Computing:                               M-Number         M-Flops  % Flops
-----------------------------------------------------------------------------
 Pair Search distance check            7254.121020       65287.089     0.2
 NxN QSTab Elec. + LJ [F]            370071.256352    15172921.510    49.7
 NxN QSTab Elec. + LJ [V&F]            3745.381848      220977.529     0.7
 NxN QSTab Elec. [F]                 309355.079408    10518072.700    34.4
 NxN QSTab Elec. [V&F]                 3131.182312      128378.475     0.4
 1,4 nonbonded interactions             255.305106       22977.460     0.1
 Calc Weights                          3581.021619      128916.778     0.4
 Spread Q Bspline                     76395.127872      152790.256     0.5
 Gather F Bspline                     76395.127872      458370.767     1.5
 3D-FFT                              382774.155330     3062193.243    10.0
 Solve PME                             5580.111600      357127.142     1.2
 Reset In Box                            23.873000          71.619     0.0
 CG-CoM                                  23.896873          71.691     0.0
 Bonds                                   51.251025        3023.810     0.0
 Angles                                 177.353547       29795.396     0.1
 Propers                                268.155363       61407.578     0.2
 Impropers                               21.300426        4430.489     0.0
 Virial                                  11.982918         215.693     0.0
 Stop-CM                                 11.960373         119.604     0.0
 P-Coupling                              11.960373          71.762     0.0
 Calc-Ekin                               23.920746         645.860     0.0
 Lincs                                   47.950959        2877.058     0.0
 Lincs-Mat                              238.804776         955.219     0.0
 Constraint-V                          1188.973779       10700.764     0.0
 Constraint-Vir                          11.432820         274.388     0.0
 Settle                                 364.357287      134812.196     0.4
-----------------------------------------------------------------------------
 Total                                                30537486.075   100.0
-----------------------------------------------------------------------------


    D O M A I N   D E C O M P O S I T I O N   S T A T I S T I C S

 av. #atoms communicated per step for force:  2 x 0.0


      R E A L   C Y C L E   A N D   T I M E   A C C O U N T I N G

On 1 MPI rank, each using 4 OpenMP threads

 Activity:              Num   Num      Call    Wall time         Giga-Cycles
                        Ranks Threads  Count      (s)         total sum    %
--------------------------------------------------------------------------------
 Domain decomp.            1    4       1000       1.719         26.899   0.1
 Neighbor search           1    4       1001      13.312        208.308   0.7
 Force                     1    4      50001    1662.285      26011.460  88.2
 PME mesh                  1    4      50001     169.027       2644.937   9.0
 NB X/F buffer ops.        1    4     100002      14.090        220.474   0.7
 Write traj.               1    4        103       0.180          2.813   0.0
 Update                    1    4      50001       7.328        114.668   0.4
 Constraints               1    4      50001      15.066        235.753   0.8
 Kinetic energy            1    4       1001       0.051          0.806   0.0
 Rest                                              0.852         13.338   0.0
--------------------------------------------------------------------------------
 Total                                          1883.911      29479.456 100.0
--------------------------------------------------------------------------------
 Breakdown of PME mesh activities
--------------------------------------------------------------------------------
 PME spread                1    4      50001      34.568        540.925   1.8
 PME gather                1    4      50001      28.286        442.615   1.5
 PME 3D-FFT                1    4     100002      59.161        925.754   3.1
 PME solve Elec            1    4      50001      45.304        708.921   2.4
--------------------------------------------------------------------------------

               Core t (s)   Wall t (s)        (%)
       Time:     7535.642     1883.911      400.0
                         31:23
                 (ns/day)    (hour/ns)
Performance:        4.586        5.233
Finished mdrun on rank 0 Fri Oct  2 13:47:36 2026

