                   :-) GROMACS - gmx solvate, 2025.5-dev (-:

Executable:   GMX
Data prefix:  GMX_DATA (source tree)
Working dir:  RUN
Command line:
  gmx solvate -cp box.gro -cs spc216.gro -o solv.gro -p topol.top

Reading solute configuration
Reading solvent configuration

Initialising inter-atomic distances...

WARNING: Masses and atomic (Van der Waals) radii will be guessed
         based on residue and atom names, since they could not be
         definitively assigned from the information in your input
         files. These guessed numbers might deviate from the mass
         and radius of the atom type. Please check the output
         files if necessary. Note, that this functionality may
         be removed in a future GROMACS version. Please, consider
         using another file format for your input.

NOTE: From version 5.0 gmx solvate uses the Van der Waals radii
from the source below. This means the results may be different
compared to previous GROMACS versions.

++++ PLEASE READ AND CITE THE FOLLOWING REFERENCE ++++
A. Bondi
van der Waals Volumes and Radii
J. Phys. Chem. (1964)
DOI: 10.1021/j100785a001
-------- -------- --- Thank You --- -------- --------

Generating solvent configuration
Will generate new solvent configuration of 4x4x3 boxes
Solvent box contains 28137 atoms in 9379 residues
Removed 4290 solvent atoms due to solvent-solvent overlap
Removed 1830 solvent atoms due to solute-solvent overlap
Sorting configuration
Found 1 molecule type:
    SOL (   3 atoms):  7339 residues
Generated solvent containing 22017 atoms in 7339 residues
Writing generated configuration to solv.gro

Output configuration contains 23977 atoms in 7468 residues
Volume                 :     243.587 (nm^3)
Density                :      1005.4 (g/l)
Number of solvent molecules:   7339   

Processing topology

Back Off! I just backed up topol.top to ./#topol.top.1#


Adding line for 7339 solvent molecules with resname (SOL) to topology file (topol.top)
